2026-08-11T20:03:04+00:00 START methods=max_depth_random,max_depth_boundary_proximity,max_depth_straddle,max_depth_randomized_straddle,max_depth_expected_feasibility,binary_random,binary_margin,binary_uncertainty_repulsion final_budget=80
2026-08-11T20:03:04+00:00 METHOD_START max_depth_random
2026-08-11T20:03:07+00:00 START methods=max_depth_random,max_depth_boundary_proximity,max_depth_straddle,max_depth_randomized_straddle,max_depth_expected_feasibility,binary_random,binary_margin,binary_uncertainty_repulsion final_budget=80
2026-08-11T20:03:07+00:00 METHOD_START max_depth_random
2026-08-11T20:03:27+00:00 METHOD_DONE max_depth_random runtime_seconds=20.327
2026-08-11T20:03:27+00:00 METHOD_START max_depth_boundary_proximity
2026-08-11T20:03:43+00:00 METHOD_DONE max_depth_boundary_proximity runtime_seconds=16.249
2026-08-11T20:03:43+00:00 METHOD_START max_depth_straddle
2026-08-11T20:03:59+00:00 METHOD_DONE max_depth_straddle runtime_seconds=15.271
2026-08-11T20:03:59+00:00 METHOD_START max_depth_randomized_straddle
2026-08-11T20:04:15+00:00 METHOD_DONE max_depth_randomized_straddle runtime_seconds=16.165
2026-08-11T20:04:15+00:00 METHOD_START max_depth_expected_feasibility
2026-08-11T20:04:31+00:00 METHOD_DONE max_depth_expected_feasibility runtime_seconds=16.410
2026-08-11T20:04:31+00:00 METHOD_START binary_random
2026-08-11T20:04:36+00:00 METHOD_DONE binary_random runtime_seconds=4.566
2026-08-11T20:04:36+00:00 METHOD_START binary_margin
2026-08-11T20:04:40+00:00 METHOD_DONE binary_margin runtime_seconds=4.176
2026-08-11T20:04:40+00:00 METHOD_START binary_uncertainty_repulsion
2026-08-11T20:04:44+00:00 METHOD_DONE binary_uncertainty_repulsion runtime_seconds=4.269
2026-08-11T20:04:44+00:00 DONE
