2026-08-11T19:46:15+00:00 START methods=max_depth_random,max_depth_straddle,binary_random,binary_margin final_budget=30
2026-08-11T19:46:15+00:00 METHOD_START max_depth_random
2026-08-11T19:46:17+00:00 METHOD_DONE max_depth_random runtime_seconds=1.100
2026-08-11T19:46:17+00:00 METHOD_START max_depth_straddle
2026-08-11T19:46:18+00:00 METHOD_DONE max_depth_straddle runtime_seconds=1.244
2026-08-11T19:46:18+00:00 METHOD_START binary_random
2026-08-11T19:46:19+00:00 METHOD_DONE binary_random runtime_seconds=1.125
2026-08-11T19:46:19+00:00 METHOD_START binary_margin
2026-08-11T19:46:20+00:00 METHOD_DONE binary_margin runtime_seconds=0.920
2026-08-11T19:46:20+00:00 DONE
2026-08-11T19:46:32+00:00 START methods=max_depth_random,max_depth_straddle,binary_random,binary_margin final_budget=30
2026-08-11T19:46:32+00:00 METHOD_START max_depth_random
2026-08-11T19:46:32+00:00 METHOD_DONE max_depth_random runtime_seconds=1.100
2026-08-11T19:46:32+00:00 METHOD_START max_depth_straddle
2026-08-11T19:46:32+00:00 METHOD_DONE max_depth_straddle runtime_seconds=1.244
2026-08-11T19:46:32+00:00 METHOD_START binary_random
2026-08-11T19:46:32+00:00 METHOD_DONE binary_random runtime_seconds=1.125
2026-08-11T19:46:32+00:00 METHOD_START binary_margin
2026-08-11T19:46:32+00:00 METHOD_DONE binary_margin runtime_seconds=0.920
2026-08-11T19:46:32+00:00 DONE
2026-08-11T19:47:08+00:00 START methods=max_depth_random,max_depth_straddle,binary_random,binary_margin final_budget=30
2026-08-11T19:47:08+00:00 METHOD_START max_depth_random
2026-08-11T19:47:08+00:00 METHOD_DONE max_depth_random runtime_seconds=1.100
2026-08-11T19:47:08+00:00 METHOD_START max_depth_straddle
2026-08-11T19:47:08+00:00 METHOD_DONE max_depth_straddle runtime_seconds=1.244
2026-08-11T19:47:08+00:00 METHOD_START binary_random
2026-08-11T19:47:08+00:00 METHOD_DONE binary_random runtime_seconds=1.125
2026-08-11T19:47:08+00:00 METHOD_START binary_margin
2026-08-11T19:47:08+00:00 METHOD_DONE binary_margin runtime_seconds=0.920
2026-08-11T19:47:08+00:00 DONE
2026-08-11T19:56:44+00:00 START methods=max_depth_random,max_depth_straddle,binary_random,binary_margin final_budget=30
2026-08-11T19:56:44+00:00 METHOD_START max_depth_random
2026-08-11T19:56:46+00:00 METHOD_DONE max_depth_random runtime_seconds=1.694
2026-08-11T19:56:46+00:00 METHOD_START max_depth_straddle
2026-08-11T19:56:48+00:00 METHOD_DONE max_depth_straddle runtime_seconds=1.868
2026-08-11T19:56:48+00:00 METHOD_START binary_random
2026-08-11T19:56:49+00:00 METHOD_DONE binary_random runtime_seconds=1.342
2026-08-11T19:56:49+00:00 METHOD_START binary_margin
2026-08-11T19:56:50+00:00 METHOD_DONE binary_margin runtime_seconds=0.801
2026-08-11T19:56:50+00:00 DONE
