Phase 3 input and worktree verification
Phase 3A: current GP and nested simple baselines
phase3b_kernel_noise width T0 matern32_learned_nugget: 20/241 folds (14.2s)
phase3b_kernel_noise width T0 matern32_learned_nugget: 40/241 folds (25.6s)
phase3b_kernel_noise width T0 matern32_learned_nugget: 60/241 folds (35.0s)
phase3b_kernel_noise width T0 matern32_learned_nugget: 80/241 folds (46.4s)
phase3b_kernel_noise width T0 matern32_learned_nugget: 100/241 folds (54.7s)
phase3b_kernel_noise width T0 matern32_learned_nugget: 120/241 folds (63.3s)
phase3b_kernel_noise width T0 matern32_learned_nugget: 140/241 folds (72.1s)
phase3b_kernel_noise width T0 matern32_learned_nugget: 160/241 folds (83.0s)
phase3b_kernel_noise width T0 matern32_learned_nugget: 180/241 folds (92.1s)
phase3b_kernel_noise width T0 matern32_learned_nugget: 200/241 folds (99.9s)
phase3b_kernel_noise width T0 matern32_learned_nugget: 220/241 folds (108.7s)
phase3b_kernel_noise width T0 matern32_learned_nugget: 240/241 folds (118.0s)
phase3b_kernel_noise width T0 matern32_learned_nugget: 241/241 folds (118.1s)
phase3b_kernel_noise length T0 matern32_learned_nugget: 20/241 folds (7.5s)
phase3b_kernel_noise length T0 matern32_learned_nugget: 40/241 folds (16.9s)
phase3b_kernel_noise length T0 matern32_learned_nugget: 60/241 folds (22.9s)
phase3b_kernel_noise length T0 matern32_learned_nugget: 80/241 folds (27.5s)
phase3b_kernel_noise length T0 matern32_learned_nugget: 100/241 folds (32.4s)
phase3b_kernel_noise length T0 matern32_learned_nugget: 120/241 folds (36.4s)
phase3b_kernel_noise length T0 matern32_learned_nugget: 140/241 folds (41.2s)
phase3b_kernel_noise length T0 matern32_learned_nugget: 160/241 folds (46.3s)
phase3b_kernel_noise length T0 matern32_learned_nugget: 180/241 folds (51.1s)
phase3b_kernel_noise length T0 matern32_learned_nugget: 200/241 folds (56.3s)
phase3b_kernel_noise length T0 matern32_learned_nugget: 220/241 folds (60.1s)
phase3b_kernel_noise length T0 matern32_learned_nugget: 240/241 folds (64.7s)
phase3b_kernel_noise length T0 matern32_learned_nugget: 241/241 folds (64.7s)
phase3b_kernel_noise depth T0 matern32_learned_nugget: 20/230 folds (5.8s)
phase3b_kernel_noise depth T0 matern32_learned_nugget: 40/230 folds (10.2s)
phase3b_kernel_noise depth T0 matern32_learned_nugget: 60/230 folds (14.9s)
phase3b_kernel_noise depth T0 matern32_learned_nugget: 80/230 folds (19.0s)
phase3b_kernel_noise depth T0 matern32_learned_nugget: 100/230 folds (24.0s)
phase3b_kernel_noise depth T0 matern32_learned_nugget: 120/230 folds (28.2s)
phase3b_kernel_noise depth T0 matern32_learned_nugget: 140/230 folds (32.7s)
phase3b_kernel_noise depth T0 matern32_learned_nugget: 160/230 folds (37.0s)
phase3b_kernel_noise depth T0 matern32_learned_nugget: 180/230 folds (42.1s)
phase3b_kernel_noise depth T0 matern32_learned_nugget: 200/230 folds (47.2s)
phase3b_kernel_noise depth T0 matern32_learned_nugget: 220/230 folds (52.6s)
phase3b_kernel_noise depth T0 matern32_learned_nugget: 230/230 folds (54.6s)
Phase 3A width linear_ridge: 20/241 folds (5.4s)
Phase 3A width linear_ridge: 40/241 folds (10.2s)
Phase 3A width linear_ridge: 60/241 folds (14.7s)
Phase 3A width linear_ridge: 80/241 folds (19.5s)
Phase 3A width linear_ridge: 100/241 folds (24.3s)
Phase 3A width linear_ridge: 120/241 folds (29.0s)
Phase 3A width linear_ridge: 140/241 folds (33.7s)
Phase 3A width linear_ridge: 160/241 folds (38.3s)
Phase 3A width linear_ridge: 180/241 folds (42.8s)
Phase 3A width linear_ridge: 200/241 folds (47.5s)
Phase 3A width linear_ridge: 220/241 folds (52.6s)
Phase 3A width linear_ridge: 240/241 folds (57.0s)
Phase 3A width linear_ridge: 241/241 folds (57.1s)
Phase 3A width polynomial_ridge_degree2: 20/241 folds (7.7s)
Phase 3A width polynomial_ridge_degree2: 40/241 folds (15.1s)
Phase 3A width polynomial_ridge_degree2: 60/241 folds (22.2s)
Phase 3A width polynomial_ridge_degree2: 80/241 folds (29.6s)
Phase 3A width polynomial_ridge_degree2: 100/241 folds (36.9s)
Phase 3A width polynomial_ridge_degree2: 120/241 folds (44.2s)
Phase 3A width polynomial_ridge_degree2: 140/241 folds (52.7s)
Phase 3A width polynomial_ridge_degree2: 160/241 folds (60.4s)
Phase 3A width polynomial_ridge_degree2: 180/241 folds (67.3s)
Phase 3A width polynomial_ridge_degree2: 200/241 folds (74.2s)
Phase 3A width polynomial_ridge_degree2: 220/241 folds (81.8s)
Phase 3A width polynomial_ridge_degree2: 240/241 folds (88.5s)
Phase 3A width polynomial_ridge_degree2: 241/241 folds (88.6s)
Phase 3A length linear_ridge: 20/241 folds (5.0s)
Phase 3A length linear_ridge: 40/241 folds (9.7s)
Phase 3A length linear_ridge: 60/241 folds (14.7s)
Phase 3A length linear_ridge: 80/241 folds (19.5s)
Phase 3A length linear_ridge: 100/241 folds (24.4s)
Phase 3A length linear_ridge: 120/241 folds (29.2s)
Phase 3A length linear_ridge: 140/241 folds (33.9s)
Phase 3A length linear_ridge: 160/241 folds (38.8s)
Phase 3A length linear_ridge: 180/241 folds (43.2s)
Phase 3A length linear_ridge: 200/241 folds (48.0s)
Phase 3A length linear_ridge: 220/241 folds (53.0s)
Phase 3A length linear_ridge: 240/241 folds (57.4s)
Phase 3A length linear_ridge: 241/241 folds (57.5s)
Phase 3A length polynomial_ridge_degree2: 20/241 folds (7.9s)
Phase 3A length polynomial_ridge_degree2: 40/241 folds (15.3s)
Phase 3A length polynomial_ridge_degree2: 60/241 folds (22.6s)
Phase 3A length polynomial_ridge_degree2: 80/241 folds (30.2s)
Phase 3A length polynomial_ridge_degree2: 100/241 folds (37.3s)
Phase 3A length polynomial_ridge_degree2: 120/241 folds (44.4s)
Phase 3A length polynomial_ridge_degree2: 140/241 folds (51.4s)
Phase 3A length polynomial_ridge_degree2: 160/241 folds (58.7s)
Phase 3A length polynomial_ridge_degree2: 180/241 folds (66.3s)
Phase 3A length polynomial_ridge_degree2: 200/241 folds (73.9s)
Phase 3A length polynomial_ridge_degree2: 220/241 folds (81.2s)
Phase 3A length polynomial_ridge_degree2: 240/241 folds (88.3s)
Phase 3A length polynomial_ridge_degree2: 241/241 folds (88.4s)
Phase 3A depth linear_ridge: 20/230 folds (4.9s)
Phase 3A depth linear_ridge: 40/230 folds (9.8s)
Phase 3A depth linear_ridge: 60/230 folds (14.4s)
Phase 3A depth linear_ridge: 80/230 folds (19.3s)
Phase 3A depth linear_ridge: 100/230 folds (24.1s)
Phase 3A depth linear_ridge: 120/230 folds (29.0s)
Phase 3A depth linear_ridge: 140/230 folds (33.7s)
Phase 3A depth linear_ridge: 160/230 folds (38.3s)
Phase 3A depth linear_ridge: 180/230 folds (43.2s)
Phase 3A depth linear_ridge: 200/230 folds (47.8s)
Phase 3A depth linear_ridge: 220/230 folds (52.8s)
Phase 3A depth linear_ridge: 230/230 folds (54.8s)
Phase 3A depth polynomial_ridge_degree2: 20/230 folds (7.7s)
Phase 3A depth polynomial_ridge_degree2: 40/230 folds (15.2s)
Phase 3A depth polynomial_ridge_degree2: 60/230 folds (22.2s)
Phase 3A depth polynomial_ridge_degree2: 80/230 folds (29.4s)
Phase 3A depth polynomial_ridge_degree2: 100/230 folds (36.6s)
Phase 3A depth polynomial_ridge_degree2: 120/230 folds (44.0s)
Phase 3A depth polynomial_ridge_degree2: 140/230 folds (51.7s)
Phase 3A depth polynomial_ridge_degree2: 160/230 folds (60.3s)
Phase 3A depth polynomial_ridge_degree2: 180/230 folds (67.8s)
Phase 3A depth polynomial_ridge_degree2: 200/230 folds (76.4s)
Phase 3A depth polynomial_ridge_degree2: 220/230 folds (83.6s)
Phase 3A depth polynomial_ridge_degree2: 230/230 folds (86.7s)
Phase 3B: six isotropic kernel/noise configurations
phase3b_kernel_noise width T0 rbf_no_nugget: 20/241 folds (3.4s)
phase3b_kernel_noise width T0 rbf_no_nugget: 40/241 folds (6.6s)
phase3b_kernel_noise width T0 rbf_no_nugget: 60/241 folds (10.1s)
phase3b_kernel_noise width T0 rbf_no_nugget: 80/241 folds (13.8s)
phase3b_kernel_noise width T0 rbf_no_nugget: 100/241 folds (16.9s)
phase3b_kernel_noise width T0 rbf_no_nugget: 120/241 folds (20.1s)
phase3b_kernel_noise width T0 rbf_no_nugget: 140/241 folds (23.4s)
phase3b_kernel_noise width T0 rbf_no_nugget: 160/241 folds (27.0s)
phase3b_kernel_noise width T0 rbf_no_nugget: 180/241 folds (30.1s)
phase3b_kernel_noise width T0 rbf_no_nugget: 200/241 folds (33.6s)
phase3b_kernel_noise width T0 rbf_no_nugget: 220/241 folds (37.2s)
phase3b_kernel_noise width T0 rbf_no_nugget: 240/241 folds (40.5s)
phase3b_kernel_noise width T0 rbf_no_nugget: 241/241 folds (40.5s)
phase3b_kernel_noise width T0 rbf_learned_nugget: 20/241 folds (3.8s)
phase3b_kernel_noise width T0 rbf_learned_nugget: 40/241 folds (6.8s)
phase3b_kernel_noise width T0 rbf_learned_nugget: 60/241 folds (9.9s)
phase3b_kernel_noise width T0 rbf_learned_nugget: 80/241 folds (13.2s)
phase3b_kernel_noise width T0 rbf_learned_nugget: 100/241 folds (16.5s)
phase3b_kernel_noise width T0 rbf_learned_nugget: 120/241 folds (19.4s)
phase3b_kernel_noise width T0 rbf_learned_nugget: 140/241 folds (22.8s)
phase3b_kernel_noise width T0 rbf_learned_nugget: 160/241 folds (26.1s)
phase3b_kernel_noise width T0 rbf_learned_nugget: 180/241 folds (29.6s)
phase3b_kernel_noise width T0 rbf_learned_nugget: 200/241 folds (32.6s)
phase3b_kernel_noise width T0 rbf_learned_nugget: 220/241 folds (35.8s)
phase3b_kernel_noise width T0 rbf_learned_nugget: 240/241 folds (38.8s)
phase3b_kernel_noise width T0 rbf_learned_nugget: 241/241 folds (38.8s)
phase3b_kernel_noise width T0 matern32_no_nugget: 20/241 folds (5.2s)
phase3b_kernel_noise width T0 matern32_no_nugget: 40/241 folds (9.1s)
phase3b_kernel_noise width T0 matern32_no_nugget: 60/241 folds (12.8s)
phase3b_kernel_noise width T0 matern32_no_nugget: 80/241 folds (16.8s)
phase3b_kernel_noise width T0 matern32_no_nugget: 100/241 folds (19.9s)
phase3b_kernel_noise width T0 matern32_no_nugget: 120/241 folds (23.3s)
phase3b_kernel_noise width T0 matern32_no_nugget: 140/241 folds (27.6s)
phase3b_kernel_noise width T0 matern32_no_nugget: 160/241 folds (31.2s)
phase3b_kernel_noise width T0 matern32_no_nugget: 180/241 folds (35.3s)
phase3b_kernel_noise width T0 matern32_no_nugget: 200/241 folds (38.7s)
phase3b_kernel_noise width T0 matern32_no_nugget: 220/241 folds (42.6s)
phase3b_kernel_noise width T0 matern32_no_nugget: 240/241 folds (46.2s)
phase3b_kernel_noise width T0 matern32_no_nugget: 241/241 folds (46.2s)
phase3b_kernel_noise width T0 matern52_no_nugget: 20/241 folds (4.7s)
phase3b_kernel_noise width T0 matern52_no_nugget: 40/241 folds (8.4s)
phase3b_kernel_noise width T0 matern52_no_nugget: 60/241 folds (12.6s)
phase3b_kernel_noise width T0 matern52_no_nugget: 80/241 folds (17.7s)
phase3b_kernel_noise width T0 matern52_no_nugget: 100/241 folds (21.6s)
phase3b_kernel_noise width T0 matern52_no_nugget: 120/241 folds (26.3s)
phase3b_kernel_noise width T0 matern52_no_nugget: 140/241 folds (31.8s)
phase3b_kernel_noise width T0 matern52_no_nugget: 160/241 folds (36.4s)
phase3b_kernel_noise width T0 matern52_no_nugget: 180/241 folds (40.3s)
phase3b_kernel_noise width T0 matern52_no_nugget: 200/241 folds (46.5s)
phase3b_kernel_noise width T0 matern52_no_nugget: 220/241 folds (51.6s)
phase3b_kernel_noise width T0 matern52_no_nugget: 240/241 folds (56.3s)
phase3b_kernel_noise width T0 matern52_no_nugget: 241/241 folds (56.3s)
phase3b_kernel_noise width T0 matern52_learned_nugget: 20/241 folds (6.6s)
phase3b_kernel_noise width T0 matern52_learned_nugget: 40/241 folds (13.0s)
phase3b_kernel_noise width T0 matern52_learned_nugget: 60/241 folds (19.8s)
phase3b_kernel_noise width T0 matern52_learned_nugget: 80/241 folds (25.6s)
phase3b_kernel_noise width T0 matern52_learned_nugget: 100/241 folds (32.4s)
phase3b_kernel_noise width T0 matern52_learned_nugget: 120/241 folds (38.9s)
phase3b_kernel_noise width T0 matern52_learned_nugget: 140/241 folds (43.9s)
phase3b_kernel_noise width T0 matern52_learned_nugget: 160/241 folds (49.9s)
phase3b_kernel_noise width T0 matern52_learned_nugget: 180/241 folds (56.6s)
phase3b_kernel_noise width T0 matern52_learned_nugget: 200/241 folds (64.0s)
phase3b_kernel_noise width T0 matern52_learned_nugget: 220/241 folds (69.5s)
phase3b_kernel_noise width T0 matern52_learned_nugget: 240/241 folds (75.5s)
phase3b_kernel_noise width T0 matern52_learned_nugget: 241/241 folds (75.6s)
phase3b_kernel_noise length T0 rbf_no_nugget: 20/241 folds (5.8s)
phase3b_kernel_noise length T0 rbf_no_nugget: 40/241 folds (10.3s)
phase3b_kernel_noise length T0 rbf_no_nugget: 60/241 folds (16.2s)
phase3b_kernel_noise length T0 rbf_no_nugget: 80/241 folds (22.2s)
phase3b_kernel_noise length T0 rbf_no_nugget: 100/241 folds (27.7s)
phase3b_kernel_noise length T0 rbf_no_nugget: 120/241 folds (32.9s)
phase3b_kernel_noise length T0 rbf_no_nugget: 140/241 folds (38.6s)
phase3b_kernel_noise length T0 rbf_no_nugget: 160/241 folds (43.9s)
phase3b_kernel_noise length T0 rbf_no_nugget: 180/241 folds (49.5s)
phase3b_kernel_noise length T0 rbf_no_nugget: 200/241 folds (54.6s)
phase3b_kernel_noise length T0 rbf_no_nugget: 220/241 folds (59.9s)
phase3b_kernel_noise length T0 rbf_no_nugget: 240/241 folds (64.8s)
phase3b_kernel_noise length T0 rbf_no_nugget: 241/241 folds (64.9s)
phase3b_kernel_noise length T0 rbf_learned_nugget: 20/241 folds (3.2s)
phase3b_kernel_noise length T0 rbf_learned_nugget: 40/241 folds (6.4s)
phase3b_kernel_noise length T0 rbf_learned_nugget: 60/241 folds (10.0s)
phase3b_kernel_noise length T0 rbf_learned_nugget: 80/241 folds (12.8s)
phase3b_kernel_noise length T0 rbf_learned_nugget: 100/241 folds (15.7s)
phase3b_kernel_noise length T0 rbf_learned_nugget: 120/241 folds (19.1s)
phase3b_kernel_noise length T0 rbf_learned_nugget: 140/241 folds (22.1s)
phase3b_kernel_noise length T0 rbf_learned_nugget: 160/241 folds (25.2s)
phase3b_kernel_noise length T0 rbf_learned_nugget: 180/241 folds (28.8s)
phase3b_kernel_noise length T0 rbf_learned_nugget: 200/241 folds (32.9s)
phase3b_kernel_noise length T0 rbf_learned_nugget: 220/241 folds (36.2s)
phase3b_kernel_noise length T0 rbf_learned_nugget: 240/241 folds (39.2s)
phase3b_kernel_noise length T0 rbf_learned_nugget: 241/241 folds (39.3s)
phase3b_kernel_noise length T0 matern32_no_nugget: 20/241 folds (3.3s)
phase3b_kernel_noise length T0 matern32_no_nugget: 40/241 folds (7.0s)
phase3b_kernel_noise length T0 matern32_no_nugget: 60/241 folds (10.9s)
phase3b_kernel_noise length T0 matern32_no_nugget: 80/241 folds (14.3s)
phase3b_kernel_noise length T0 matern32_no_nugget: 100/241 folds (17.0s)
phase3b_kernel_noise length T0 matern32_no_nugget: 120/241 folds (20.2s)
phase3b_kernel_noise length T0 matern32_no_nugget: 140/241 folds (22.9s)
phase3b_kernel_noise length T0 matern32_no_nugget: 160/241 folds (27.0s)
phase3b_kernel_noise length T0 matern32_no_nugget: 180/241 folds (30.6s)
phase3b_kernel_noise length T0 matern32_no_nugget: 200/241 folds (33.6s)
phase3b_kernel_noise length T0 matern32_no_nugget: 220/241 folds (37.3s)
phase3b_kernel_noise length T0 matern32_no_nugget: 240/241 folds (40.8s)
phase3b_kernel_noise length T0 matern32_no_nugget: 241/241 folds (40.8s)
phase3b_kernel_noise length T0 matern52_no_nugget: 20/241 folds (5.8s)
phase3b_kernel_noise length T0 matern52_no_nugget: 40/241 folds (11.1s)
phase3b_kernel_noise length T0 matern52_no_nugget: 60/241 folds (15.7s)
phase3b_kernel_noise length T0 matern52_no_nugget: 80/241 folds (21.4s)
phase3b_kernel_noise length T0 matern52_no_nugget: 100/241 folds (26.7s)
phase3b_kernel_noise length T0 matern52_no_nugget: 120/241 folds (32.1s)
phase3b_kernel_noise length T0 matern52_no_nugget: 140/241 folds (36.8s)
phase3b_kernel_noise length T0 matern52_no_nugget: 160/241 folds (41.8s)
phase3b_kernel_noise length T0 matern52_no_nugget: 180/241 folds (46.7s)
phase3b_kernel_noise length T0 matern52_no_nugget: 200/241 folds (52.4s)
phase3b_kernel_noise length T0 matern52_no_nugget: 220/241 folds (57.1s)
phase3b_kernel_noise length T0 matern52_no_nugget: 240/241 folds (62.2s)
phase3b_kernel_noise length T0 matern52_no_nugget: 241/241 folds (62.3s)
phase3b_kernel_noise length T0 matern52_learned_nugget: 20/241 folds (5.8s)
phase3b_kernel_noise length T0 matern52_learned_nugget: 40/241 folds (11.0s)
phase3b_kernel_noise length T0 matern52_learned_nugget: 60/241 folds (16.1s)
phase3b_kernel_noise length T0 matern52_learned_nugget: 80/241 folds (22.2s)
phase3b_kernel_noise length T0 matern52_learned_nugget: 100/241 folds (27.5s)
phase3b_kernel_noise length T0 matern52_learned_nugget: 120/241 folds (32.4s)
phase3b_kernel_noise length T0 matern52_learned_nugget: 140/241 folds (37.6s)
phase3b_kernel_noise length T0 matern52_learned_nugget: 160/241 folds (41.9s)
phase3b_kernel_noise length T0 matern52_learned_nugget: 180/241 folds (47.2s)
phase3b_kernel_noise length T0 matern52_learned_nugget: 200/241 folds (52.7s)
phase3b_kernel_noise length T0 matern52_learned_nugget: 220/241 folds (57.9s)
phase3b_kernel_noise length T0 matern52_learned_nugget: 240/241 folds (63.1s)
phase3b_kernel_noise length T0 matern52_learned_nugget: 241/241 folds (63.1s)
phase3b_kernel_noise depth T0 rbf_no_nugget: 20/230 folds (5.2s)
phase3b_kernel_noise depth T0 rbf_no_nugget: 40/230 folds (10.9s)
phase3b_kernel_noise depth T0 rbf_no_nugget: 60/230 folds (16.7s)
phase3b_kernel_noise depth T0 rbf_no_nugget: 80/230 folds (22.3s)
phase3b_kernel_noise depth T0 rbf_no_nugget: 100/230 folds (29.0s)
phase3b_kernel_noise depth T0 rbf_no_nugget: 120/230 folds (35.1s)
phase3b_kernel_noise depth T0 rbf_no_nugget: 140/230 folds (41.5s)
phase3b_kernel_noise depth T0 rbf_no_nugget: 160/230 folds (48.8s)
phase3b_kernel_noise depth T0 rbf_no_nugget: 180/230 folds (54.6s)
phase3b_kernel_noise depth T0 rbf_no_nugget: 200/230 folds (62.7s)
phase3b_kernel_noise depth T0 rbf_no_nugget: 220/230 folds (69.4s)
phase3b_kernel_noise depth T0 rbf_no_nugget: 230/230 folds (71.8s)
phase3b_kernel_noise depth T0 rbf_learned_nugget: 20/230 folds (3.3s)
phase3b_kernel_noise depth T0 rbf_learned_nugget: 40/230 folds (8.7s)
phase3b_kernel_noise depth T0 rbf_learned_nugget: 60/230 folds (12.7s)
phase3b_kernel_noise depth T0 rbf_learned_nugget: 80/230 folds (16.1s)
phase3b_kernel_noise depth T0 rbf_learned_nugget: 100/230 folds (22.5s)
phase3b_kernel_noise depth T0 rbf_learned_nugget: 120/230 folds (27.6s)
phase3b_kernel_noise depth T0 rbf_learned_nugget: 140/230 folds (31.6s)
phase3b_kernel_noise depth T0 rbf_learned_nugget: 160/230 folds (35.6s)
phase3b_kernel_noise depth T0 rbf_learned_nugget: 180/230 folds (39.0s)
phase3b_kernel_noise depth T0 rbf_learned_nugget: 200/230 folds (41.8s)
phase3b_kernel_noise depth T0 rbf_learned_nugget: 220/230 folds (44.6s)
phase3b_kernel_noise depth T0 rbf_learned_nugget: 230/230 folds (46.2s)
phase3b_kernel_noise depth T0 matern32_no_nugget: 20/230 folds (4.2s)
phase3b_kernel_noise depth T0 matern32_no_nugget: 40/230 folds (7.9s)
phase3b_kernel_noise depth T0 matern32_no_nugget: 60/230 folds (12.9s)
phase3b_kernel_noise depth T0 matern32_no_nugget: 80/230 folds (18.2s)
phase3b_kernel_noise depth T0 matern32_no_nugget: 100/230 folds (22.4s)
phase3b_kernel_noise depth T0 matern32_no_nugget: 120/230 folds (26.5s)
phase3b_kernel_noise depth T0 matern32_no_nugget: 140/230 folds (31.3s)
phase3b_kernel_noise depth T0 matern32_no_nugget: 160/230 folds (36.7s)
phase3b_kernel_noise depth T0 matern32_no_nugget: 180/230 folds (41.7s)
phase3b_kernel_noise depth T0 matern32_no_nugget: 200/230 folds (47.0s)
phase3b_kernel_noise depth T0 matern32_no_nugget: 220/230 folds (50.5s)
phase3b_kernel_noise depth T0 matern32_no_nugget: 230/230 folds (52.6s)
phase3b_kernel_noise depth T0 matern52_no_nugget: 20/230 folds (4.7s)
phase3b_kernel_noise depth T0 matern52_no_nugget: 40/230 folds (9.2s)
phase3b_kernel_noise depth T0 matern52_no_nugget: 60/230 folds (14.5s)
phase3b_kernel_noise depth T0 matern52_no_nugget: 80/230 folds (22.5s)
phase3b_kernel_noise depth T0 matern52_no_nugget: 100/230 folds (28.9s)
phase3b_kernel_noise depth T0 matern52_no_nugget: 120/230 folds (33.9s)
phase3b_kernel_noise depth T0 matern52_no_nugget: 140/230 folds (39.4s)
phase3b_kernel_noise depth T0 matern52_no_nugget: 160/230 folds (45.1s)
phase3b_kernel_noise depth T0 matern52_no_nugget: 180/230 folds (49.7s)
phase3b_kernel_noise depth T0 matern52_no_nugget: 200/230 folds (55.9s)
phase3b_kernel_noise depth T0 matern52_no_nugget: 220/230 folds (61.8s)
phase3b_kernel_noise depth T0 matern52_no_nugget: 230/230 folds (63.8s)
phase3b_kernel_noise depth T0 matern52_learned_nugget: 20/230 folds (8.2s)
phase3b_kernel_noise depth T0 matern52_learned_nugget: 40/230 folds (16.4s)
phase3b_kernel_noise depth T0 matern52_learned_nugget: 60/230 folds (25.0s)
phase3b_kernel_noise depth T0 matern52_learned_nugget: 80/230 folds (33.4s)
phase3b_kernel_noise depth T0 matern52_learned_nugget: 100/230 folds (39.9s)
phase3b_kernel_noise depth T0 matern52_learned_nugget: 120/230 folds (46.2s)
phase3b_kernel_noise depth T0 matern52_learned_nugget: 140/230 folds (55.0s)
phase3b_kernel_noise depth T0 matern52_learned_nugget: 160/230 folds (61.7s)
phase3b_kernel_noise depth T0 matern52_learned_nugget: 180/230 folds (68.9s)
phase3b_kernel_noise depth T0 matern52_learned_nugget: 200/230 folds (76.0s)
phase3b_kernel_noise depth T0 matern52_learned_nugget: 220/230 folds (83.1s)
phase3b_kernel_noise depth T0 matern52_learned_nugget: 230/230 folds (87.1s)
Phase 3C: exact raw T0-T5 target reconstruction
target reconstruction: 25/241 simulations
target reconstruction: 50/241 simulations
target reconstruction: 75/241 simulations
target reconstruction: 100/241 simulations
target reconstruction: 125/241 simulations
target reconstruction: 150/241 simulations
target reconstruction: 175/241 simulations
target reconstruction: 200/241 simulations
target reconstruction: 225/241 simulations
target reconstruction: 241/241 simulations
Phase 3C: fixed-GP exact LOO for T0-T5
phase3c_fixed_gp_target_definition_sensitivity width T1 matern32_learned_nugget: 20/241 folds (8.5s)
phase3c_fixed_gp_target_definition_sensitivity width T1 matern32_learned_nugget: 40/241 folds (16.1s)
phase3c_fixed_gp_target_definition_sensitivity width T1 matern32_learned_nugget: 60/241 folds (22.0s)
phase3c_fixed_gp_target_definition_sensitivity width T1 matern32_learned_nugget: 80/241 folds (28.6s)
phase3c_fixed_gp_target_definition_sensitivity width T1 matern32_learned_nugget: 100/241 folds (34.2s)
phase3c_fixed_gp_target_definition_sensitivity width T1 matern32_learned_nugget: 120/241 folds (40.3s)
phase3c_fixed_gp_target_definition_sensitivity width T1 matern32_learned_nugget: 140/241 folds (46.1s)
phase3c_fixed_gp_target_definition_sensitivity width T1 matern32_learned_nugget: 160/241 folds (52.1s)
phase3c_fixed_gp_target_definition_sensitivity width T1 matern32_learned_nugget: 180/241 folds (56.8s)
phase3c_fixed_gp_target_definition_sensitivity width T1 matern32_learned_nugget: 200/241 folds (63.3s)
phase3c_fixed_gp_target_definition_sensitivity width T1 matern32_learned_nugget: 220/241 folds (68.9s)
phase3c_fixed_gp_target_definition_sensitivity width T1 matern32_learned_nugget: 240/241 folds (73.9s)
phase3c_fixed_gp_target_definition_sensitivity width T1 matern32_learned_nugget: 241/241 folds (73.9s)
phase3c_fixed_gp_target_definition_sensitivity width T2 matern32_learned_nugget: 20/241 folds (6.3s)
phase3c_fixed_gp_target_definition_sensitivity width T2 matern32_learned_nugget: 40/241 folds (11.9s)
phase3c_fixed_gp_target_definition_sensitivity width T2 matern32_learned_nugget: 60/241 folds (16.8s)
phase3c_fixed_gp_target_definition_sensitivity width T2 matern32_learned_nugget: 80/241 folds (22.8s)
phase3c_fixed_gp_target_definition_sensitivity width T2 matern32_learned_nugget: 100/241 folds (28.5s)
phase3c_fixed_gp_target_definition_sensitivity width T2 matern32_learned_nugget: 120/241 folds (33.5s)
phase3c_fixed_gp_target_definition_sensitivity width T2 matern32_learned_nugget: 140/241 folds (38.9s)
phase3c_fixed_gp_target_definition_sensitivity width T2 matern32_learned_nugget: 160/241 folds (43.8s)
phase3c_fixed_gp_target_definition_sensitivity width T2 matern32_learned_nugget: 180/241 folds (48.7s)
phase3c_fixed_gp_target_definition_sensitivity width T2 matern32_learned_nugget: 200/241 folds (54.0s)
phase3c_fixed_gp_target_definition_sensitivity width T2 matern32_learned_nugget: 220/241 folds (59.8s)
phase3c_fixed_gp_target_definition_sensitivity width T2 matern32_learned_nugget: 240/241 folds (65.2s)
phase3c_fixed_gp_target_definition_sensitivity width T2 matern32_learned_nugget: 241/241 folds (65.3s)
phase3c_fixed_gp_target_definition_sensitivity width T3 matern32_learned_nugget: 20/241 folds (6.6s)
phase3c_fixed_gp_target_definition_sensitivity width T3 matern32_learned_nugget: 40/241 folds (11.9s)
phase3c_fixed_gp_target_definition_sensitivity width T3 matern32_learned_nugget: 60/241 folds (17.1s)
phase3c_fixed_gp_target_definition_sensitivity width T3 matern32_learned_nugget: 80/241 folds (22.1s)
phase3c_fixed_gp_target_definition_sensitivity width T3 matern32_learned_nugget: 100/241 folds (27.6s)
phase3c_fixed_gp_target_definition_sensitivity width T3 matern32_learned_nugget: 120/241 folds (32.4s)
phase3c_fixed_gp_target_definition_sensitivity width T3 matern32_learned_nugget: 140/241 folds (37.7s)
phase3c_fixed_gp_target_definition_sensitivity width T3 matern32_learned_nugget: 160/241 folds (43.8s)
phase3c_fixed_gp_target_definition_sensitivity width T3 matern32_learned_nugget: 180/241 folds (50.0s)
phase3c_fixed_gp_target_definition_sensitivity width T3 matern32_learned_nugget: 200/241 folds (56.4s)
phase3c_fixed_gp_target_definition_sensitivity width T3 matern32_learned_nugget: 220/241 folds (61.6s)
phase3c_fixed_gp_target_definition_sensitivity width T3 matern32_learned_nugget: 240/241 folds (66.7s)
phase3c_fixed_gp_target_definition_sensitivity width T3 matern32_learned_nugget: 241/241 folds (66.7s)
phase3c_fixed_gp_target_definition_sensitivity width T4 matern32_learned_nugget: 20/241 folds (6.5s)
phase3c_fixed_gp_target_definition_sensitivity width T4 matern32_learned_nugget: 40/241 folds (12.0s)
phase3c_fixed_gp_target_definition_sensitivity width T4 matern32_learned_nugget: 60/241 folds (17.3s)
phase3c_fixed_gp_target_definition_sensitivity width T4 matern32_learned_nugget: 80/241 folds (23.5s)
phase3c_fixed_gp_target_definition_sensitivity width T4 matern32_learned_nugget: 100/241 folds (28.9s)
phase3c_fixed_gp_target_definition_sensitivity width T4 matern32_learned_nugget: 120/241 folds (34.4s)
phase3c_fixed_gp_target_definition_sensitivity width T4 matern32_learned_nugget: 140/241 folds (39.8s)
phase3c_fixed_gp_target_definition_sensitivity width T4 matern32_learned_nugget: 160/241 folds (46.2s)
phase3c_fixed_gp_target_definition_sensitivity width T4 matern32_learned_nugget: 180/241 folds (53.9s)
phase3c_fixed_gp_target_definition_sensitivity width T4 matern32_learned_nugget: 200/241 folds (59.4s)
phase3c_fixed_gp_target_definition_sensitivity width T4 matern32_learned_nugget: 220/241 folds (65.3s)
phase3c_fixed_gp_target_definition_sensitivity width T4 matern32_learned_nugget: 240/241 folds (71.0s)
phase3c_fixed_gp_target_definition_sensitivity width T4 matern32_learned_nugget: 241/241 folds (71.2s)
phase3c_fixed_gp_target_definition_sensitivity width T5 matern32_learned_nugget: 20/241 folds (5.3s)
phase3c_fixed_gp_target_definition_sensitivity width T5 matern32_learned_nugget: 40/241 folds (11.8s)
phase3c_fixed_gp_target_definition_sensitivity width T5 matern32_learned_nugget: 60/241 folds (17.4s)
phase3c_fixed_gp_target_definition_sensitivity width T5 matern32_learned_nugget: 80/241 folds (23.9s)
phase3c_fixed_gp_target_definition_sensitivity width T5 matern32_learned_nugget: 100/241 folds (29.7s)
phase3c_fixed_gp_target_definition_sensitivity width T5 matern32_learned_nugget: 120/241 folds (34.3s)
phase3c_fixed_gp_target_definition_sensitivity width T5 matern32_learned_nugget: 140/241 folds (39.1s)
phase3c_fixed_gp_target_definition_sensitivity width T5 matern32_learned_nugget: 160/241 folds (44.5s)
phase3c_fixed_gp_target_definition_sensitivity width T5 matern32_learned_nugget: 180/241 folds (49.0s)
phase3c_fixed_gp_target_definition_sensitivity width T5 matern32_learned_nugget: 200/241 folds (54.7s)
phase3c_fixed_gp_target_definition_sensitivity width T5 matern32_learned_nugget: 220/241 folds (59.7s)
phase3c_fixed_gp_target_definition_sensitivity width T5 matern32_learned_nugget: 240/241 folds (64.9s)
phase3c_fixed_gp_target_definition_sensitivity width T5 matern32_learned_nugget: 241/241 folds (65.0s)
phase3c_fixed_gp_target_definition_sensitivity length T1 matern32_learned_nugget: 20/241 folds (6.0s)
phase3c_fixed_gp_target_definition_sensitivity length T1 matern32_learned_nugget: 40/241 folds (11.5s)
phase3c_fixed_gp_target_definition_sensitivity length T1 matern32_learned_nugget: 60/241 folds (17.4s)
phase3c_fixed_gp_target_definition_sensitivity length T1 matern32_learned_nugget: 80/241 folds (22.5s)
phase3c_fixed_gp_target_definition_sensitivity length T1 matern32_learned_nugget: 100/241 folds (27.0s)
phase3c_fixed_gp_target_definition_sensitivity length T1 matern32_learned_nugget: 120/241 folds (32.1s)
phase3c_fixed_gp_target_definition_sensitivity length T1 matern32_learned_nugget: 140/241 folds (37.9s)
phase3c_fixed_gp_target_definition_sensitivity length T1 matern32_learned_nugget: 160/241 folds (42.8s)
phase3c_fixed_gp_target_definition_sensitivity length T1 matern32_learned_nugget: 180/241 folds (48.4s)
phase3c_fixed_gp_target_definition_sensitivity length T1 matern32_learned_nugget: 200/241 folds (52.9s)
phase3c_fixed_gp_target_definition_sensitivity length T1 matern32_learned_nugget: 220/241 folds (58.1s)
phase3c_fixed_gp_target_definition_sensitivity length T1 matern32_learned_nugget: 240/241 folds (63.1s)
phase3c_fixed_gp_target_definition_sensitivity length T1 matern32_learned_nugget: 241/241 folds (63.2s)
phase3c_fixed_gp_target_definition_sensitivity length T2 matern32_learned_nugget: 20/241 folds (5.9s)
phase3c_fixed_gp_target_definition_sensitivity length T2 matern32_learned_nugget: 40/241 folds (10.8s)
phase3c_fixed_gp_target_definition_sensitivity length T2 matern32_learned_nugget: 60/241 folds (17.2s)
phase3c_fixed_gp_target_definition_sensitivity length T2 matern32_learned_nugget: 80/241 folds (22.4s)
phase3c_fixed_gp_target_definition_sensitivity length T2 matern32_learned_nugget: 100/241 folds (28.1s)
phase3c_fixed_gp_target_definition_sensitivity length T2 matern32_learned_nugget: 120/241 folds (32.5s)
phase3c_fixed_gp_target_definition_sensitivity length T2 matern32_learned_nugget: 140/241 folds (38.2s)
phase3c_fixed_gp_target_definition_sensitivity length T2 matern32_learned_nugget: 160/241 folds (42.8s)
phase3c_fixed_gp_target_definition_sensitivity length T2 matern32_learned_nugget: 180/241 folds (48.6s)
phase3c_fixed_gp_target_definition_sensitivity length T2 matern32_learned_nugget: 200/241 folds (53.5s)
phase3c_fixed_gp_target_definition_sensitivity length T2 matern32_learned_nugget: 220/241 folds (58.3s)
phase3c_fixed_gp_target_definition_sensitivity length T2 matern32_learned_nugget: 240/241 folds (66.0s)
phase3c_fixed_gp_target_definition_sensitivity length T2 matern32_learned_nugget: 241/241 folds (66.2s)
phase3c_fixed_gp_target_definition_sensitivity length T3 matern32_learned_nugget: 20/241 folds (6.9s)
phase3c_fixed_gp_target_definition_sensitivity length T3 matern32_learned_nugget: 40/241 folds (14.2s)
phase3c_fixed_gp_target_definition_sensitivity length T3 matern32_learned_nugget: 60/241 folds (21.0s)
phase3c_fixed_gp_target_definition_sensitivity length T3 matern32_learned_nugget: 80/241 folds (28.4s)
phase3c_fixed_gp_target_definition_sensitivity length T3 matern32_learned_nugget: 100/241 folds (36.2s)
phase3c_fixed_gp_target_definition_sensitivity length T3 matern32_learned_nugget: 120/241 folds (41.9s)
phase3c_fixed_gp_target_definition_sensitivity length T3 matern32_learned_nugget: 140/241 folds (47.3s)
phase3c_fixed_gp_target_definition_sensitivity length T3 matern32_learned_nugget: 160/241 folds (52.3s)
phase3c_fixed_gp_target_definition_sensitivity length T3 matern32_learned_nugget: 180/241 folds (57.0s)
phase3c_fixed_gp_target_definition_sensitivity length T3 matern32_learned_nugget: 200/241 folds (62.9s)
phase3c_fixed_gp_target_definition_sensitivity length T3 matern32_learned_nugget: 220/241 folds (69.5s)
phase3c_fixed_gp_target_definition_sensitivity length T3 matern32_learned_nugget: 240/241 folds (76.0s)
phase3c_fixed_gp_target_definition_sensitivity length T3 matern32_learned_nugget: 241/241 folds (76.0s)
phase3c_fixed_gp_target_definition_sensitivity length T4 matern32_learned_nugget: 20/241 folds (7.2s)
phase3c_fixed_gp_target_definition_sensitivity length T4 matern32_learned_nugget: 40/241 folds (12.9s)
phase3c_fixed_gp_target_definition_sensitivity length T4 matern32_learned_nugget: 60/241 folds (19.8s)
phase3c_fixed_gp_target_definition_sensitivity length T4 matern32_learned_nugget: 80/241 folds (26.7s)
phase3c_fixed_gp_target_definition_sensitivity length T4 matern32_learned_nugget: 100/241 folds (32.5s)
phase3c_fixed_gp_target_definition_sensitivity length T4 matern32_learned_nugget: 120/241 folds (39.4s)
phase3c_fixed_gp_target_definition_sensitivity length T4 matern32_learned_nugget: 140/241 folds (46.5s)
phase3c_fixed_gp_target_definition_sensitivity length T4 matern32_learned_nugget: 160/241 folds (52.0s)
phase3c_fixed_gp_target_definition_sensitivity length T4 matern32_learned_nugget: 180/241 folds (57.8s)
phase3c_fixed_gp_target_definition_sensitivity length T4 matern32_learned_nugget: 200/241 folds (63.8s)
phase3c_fixed_gp_target_definition_sensitivity length T4 matern32_learned_nugget: 220/241 folds (70.7s)
phase3c_fixed_gp_target_definition_sensitivity length T4 matern32_learned_nugget: 240/241 folds (77.8s)
phase3c_fixed_gp_target_definition_sensitivity length T4 matern32_learned_nugget: 241/241 folds (78.0s)
phase3c_fixed_gp_target_definition_sensitivity length T5 matern32_learned_nugget: 20/241 folds (8.3s)
phase3c_fixed_gp_target_definition_sensitivity length T5 matern32_learned_nugget: 40/241 folds (16.0s)
phase3c_fixed_gp_target_definition_sensitivity length T5 matern32_learned_nugget: 60/241 folds (23.7s)
phase3c_fixed_gp_target_definition_sensitivity length T5 matern32_learned_nugget: 80/241 folds (31.6s)
phase3c_fixed_gp_target_definition_sensitivity length T5 matern32_learned_nugget: 100/241 folds (40.0s)
phase3c_fixed_gp_target_definition_sensitivity length T5 matern32_learned_nugget: 120/241 folds (48.7s)
phase3c_fixed_gp_target_definition_sensitivity length T5 matern32_learned_nugget: 140/241 folds (58.5s)
phase3c_fixed_gp_target_definition_sensitivity length T5 matern32_learned_nugget: 160/241 folds (65.7s)
phase3c_fixed_gp_target_definition_sensitivity length T5 matern32_learned_nugget: 180/241 folds (72.6s)
phase3c_fixed_gp_target_definition_sensitivity length T5 matern32_learned_nugget: 200/241 folds (80.1s)
phase3c_fixed_gp_target_definition_sensitivity length T5 matern32_learned_nugget: 220/241 folds (87.3s)
phase3c_fixed_gp_target_definition_sensitivity length T5 matern32_learned_nugget: 240/241 folds (94.7s)
phase3c_fixed_gp_target_definition_sensitivity length T5 matern32_learned_nugget: 241/241 folds (95.0s)
phase3c_fixed_gp_target_definition_sensitivity depth T1 matern32_learned_nugget: 20/230 folds (5.5s)
phase3c_fixed_gp_target_definition_sensitivity depth T1 matern32_learned_nugget: 40/230 folds (11.2s)
phase3c_fixed_gp_target_definition_sensitivity depth T1 matern32_learned_nugget: 60/230 folds (17.3s)
phase3c_fixed_gp_target_definition_sensitivity depth T1 matern32_learned_nugget: 80/230 folds (23.5s)
phase3c_fixed_gp_target_definition_sensitivity depth T1 matern32_learned_nugget: 100/230 folds (29.6s)
phase3c_fixed_gp_target_definition_sensitivity depth T1 matern32_learned_nugget: 120/230 folds (35.9s)
phase3c_fixed_gp_target_definition_sensitivity depth T1 matern32_learned_nugget: 140/230 folds (42.1s)
phase3c_fixed_gp_target_definition_sensitivity depth T1 matern32_learned_nugget: 160/230 folds (48.3s)
phase3c_fixed_gp_target_definition_sensitivity depth T1 matern32_learned_nugget: 180/230 folds (53.2s)
phase3c_fixed_gp_target_definition_sensitivity depth T1 matern32_learned_nugget: 200/230 folds (57.7s)
phase3c_fixed_gp_target_definition_sensitivity depth T1 matern32_learned_nugget: 220/230 folds (62.9s)
phase3c_fixed_gp_target_definition_sensitivity depth T1 matern32_learned_nugget: 230/230 folds (64.7s)
phase3c_fixed_gp_target_definition_sensitivity depth T2 matern32_learned_nugget: 20/230 folds (4.8s)
phase3c_fixed_gp_target_definition_sensitivity depth T2 matern32_learned_nugget: 40/230 folds (9.1s)
phase3c_fixed_gp_target_definition_sensitivity depth T2 matern32_learned_nugget: 60/230 folds (13.9s)
phase3c_fixed_gp_target_definition_sensitivity depth T2 matern32_learned_nugget: 80/230 folds (18.2s)
phase3c_fixed_gp_target_definition_sensitivity depth T2 matern32_learned_nugget: 100/230 folds (22.9s)
phase3c_fixed_gp_target_definition_sensitivity depth T2 matern32_learned_nugget: 120/230 folds (26.7s)
phase3c_fixed_gp_target_definition_sensitivity depth T2 matern32_learned_nugget: 140/230 folds (32.2s)
phase3c_fixed_gp_target_definition_sensitivity depth T2 matern32_learned_nugget: 160/230 folds (37.1s)
phase3c_fixed_gp_target_definition_sensitivity depth T2 matern32_learned_nugget: 180/230 folds (41.4s)
phase3c_fixed_gp_target_definition_sensitivity depth T2 matern32_learned_nugget: 200/230 folds (45.5s)
phase3c_fixed_gp_target_definition_sensitivity depth T2 matern32_learned_nugget: 220/230 folds (50.9s)
phase3c_fixed_gp_target_definition_sensitivity depth T2 matern32_learned_nugget: 230/230 folds (53.1s)
phase3c_fixed_gp_target_definition_sensitivity depth T3 matern32_learned_nugget: 20/230 folds (5.4s)
phase3c_fixed_gp_target_definition_sensitivity depth T3 matern32_learned_nugget: 40/230 folds (10.3s)
phase3c_fixed_gp_target_definition_sensitivity depth T3 matern32_learned_nugget: 60/230 folds (14.4s)
phase3c_fixed_gp_target_definition_sensitivity depth T3 matern32_learned_nugget: 80/230 folds (18.9s)
phase3c_fixed_gp_target_definition_sensitivity depth T3 matern32_learned_nugget: 100/230 folds (23.5s)
phase3c_fixed_gp_target_definition_sensitivity depth T3 matern32_learned_nugget: 120/230 folds (29.1s)
phase3c_fixed_gp_target_definition_sensitivity depth T3 matern32_learned_nugget: 140/230 folds (33.9s)
phase3c_fixed_gp_target_definition_sensitivity depth T3 matern32_learned_nugget: 160/230 folds (38.8s)
phase3c_fixed_gp_target_definition_sensitivity depth T3 matern32_learned_nugget: 180/230 folds (43.7s)
phase3c_fixed_gp_target_definition_sensitivity depth T3 matern32_learned_nugget: 200/230 folds (48.6s)
phase3c_fixed_gp_target_definition_sensitivity depth T3 matern32_learned_nugget: 220/230 folds (53.6s)
phase3c_fixed_gp_target_definition_sensitivity depth T3 matern32_learned_nugget: 230/230 folds (55.8s)
phase3c_fixed_gp_target_definition_sensitivity depth T4 matern32_learned_nugget: 20/230 folds (5.2s)
phase3c_fixed_gp_target_definition_sensitivity depth T4 matern32_learned_nugget: 40/230 folds (11.4s)
phase3c_fixed_gp_target_definition_sensitivity depth T4 matern32_learned_nugget: 60/230 folds (16.4s)
phase3c_fixed_gp_target_definition_sensitivity depth T4 matern32_learned_nugget: 80/230 folds (23.1s)
phase3c_fixed_gp_target_definition_sensitivity depth T4 matern32_learned_nugget: 100/230 folds (28.9s)
phase3c_fixed_gp_target_definition_sensitivity depth T4 matern32_learned_nugget: 120/230 folds (35.2s)
phase3c_fixed_gp_target_definition_sensitivity depth T4 matern32_learned_nugget: 140/230 folds (40.6s)
phase3c_fixed_gp_target_definition_sensitivity depth T4 matern32_learned_nugget: 160/230 folds (46.4s)
phase3c_fixed_gp_target_definition_sensitivity depth T4 matern32_learned_nugget: 180/230 folds (52.7s)
phase3c_fixed_gp_target_definition_sensitivity depth T4 matern32_learned_nugget: 200/230 folds (58.9s)
phase3c_fixed_gp_target_definition_sensitivity depth T4 matern32_learned_nugget: 220/230 folds (65.0s)
phase3c_fixed_gp_target_definition_sensitivity depth T4 matern32_learned_nugget: 230/230 folds (66.8s)
phase3c_fixed_gp_target_definition_sensitivity depth T5 matern32_learned_nugget: 20/230 folds (6.7s)
phase3c_fixed_gp_target_definition_sensitivity depth T5 matern32_learned_nugget: 40/230 folds (12.1s)
phase3c_fixed_gp_target_definition_sensitivity depth T5 matern32_learned_nugget: 60/230 folds (18.0s)
phase3c_fixed_gp_target_definition_sensitivity depth T5 matern32_learned_nugget: 80/230 folds (23.1s)
phase3c_fixed_gp_target_definition_sensitivity depth T5 matern32_learned_nugget: 100/230 folds (29.2s)
phase3c_fixed_gp_target_definition_sensitivity depth T5 matern32_learned_nugget: 120/230 folds (35.8s)
phase3c_fixed_gp_target_definition_sensitivity depth T5 matern32_learned_nugget: 140/230 folds (42.3s)
phase3c_fixed_gp_target_definition_sensitivity depth T5 matern32_learned_nugget: 160/230 folds (47.3s)
phase3c_fixed_gp_target_definition_sensitivity depth T5 matern32_learned_nugget: 180/230 folds (54.2s)
phase3c_fixed_gp_target_definition_sensitivity depth T5 matern32_learned_nugget: 200/230 folds (59.6s)
phase3c_fixed_gp_target_definition_sensitivity depth T5 matern32_learned_nugget: 220/230 folds (65.0s)
phase3c_fixed_gp_target_definition_sensitivity depth T5 matern32_learned_nugget: 230/230 folds (67.7s)
Building and executing the Phase 3 notebook
built C:\Users\ozgur\Documents\thesis-week6-melt-pool-audit\notebooks\week_06\04_phase3_model_target_robustness.ipynb
built C:\Users\ozgur\Documents\thesis-week6-melt-pool-audit\notebooks\week_06\04_phase3_model_target_robustness.ipynb
Phase 3 complete: 50/50 validation checks PASS
