Running Thresholded Branin: 5 seed(s), 12 method(s).
  seed=0 surrogate=gpr_fixed_or_existing method=random
  seed=0 surrogate=gpr_fixed_or_existing method=smallest_abs_mu
  seed=0 surrogate=gpr_fixed_or_existing method=straddle
  seed=0 surrogate=gpr_fixed_or_existing method=randomized_straddle
  seed=0 surrogate=gpr_fixed_or_existing method=expected_feasibility
  seed=0 surrogate=gpr_fixed_or_existing method=boundary_gated_diversified_straddle
  seed=0 surrogate=gpr_fixed_or_existing method=gpr_boundary_weighted_ivr
  seed=0 surrogate=gpr_fixed_or_existing method=gpr_bernoulli_sur_refit
  seed=0 surrogate=gpc_fixed_iso method=classifier_margin
  seed=0 surrogate=gpc_fixed_iso method=classifier_entropy
  seed=0 surrogate=gpc_fixed_iso method=classifier_uncertainty_repulsion
  seed=0 surrogate=gpc_fixed_iso method=gpc_bernoulli_sur_refit
  seed=1 surrogate=gpr_fixed_or_existing method=random
  seed=1 surrogate=gpr_fixed_or_existing method=smallest_abs_mu
  seed=1 surrogate=gpr_fixed_or_existing method=straddle
  seed=1 surrogate=gpr_fixed_or_existing method=randomized_straddle
  seed=1 surrogate=gpr_fixed_or_existing method=expected_feasibility
  seed=1 surrogate=gpr_fixed_or_existing method=boundary_gated_diversified_straddle
  seed=1 surrogate=gpr_fixed_or_existing method=gpr_boundary_weighted_ivr
  seed=1 surrogate=gpr_fixed_or_existing method=gpr_bernoulli_sur_refit
  seed=1 surrogate=gpc_fixed_iso method=classifier_margin
  seed=1 surrogate=gpc_fixed_iso method=classifier_entropy
  seed=1 surrogate=gpc_fixed_iso method=classifier_uncertainty_repulsion
  seed=2 surrogate=gpr_fixed_or_existing method=random
  seed=2 surrogate=gpr_fixed_or_existing method=smallest_abs_mu
  seed=2 surrogate=gpr_fixed_or_existing method=straddle
  seed=2 surrogate=gpr_fixed_or_existing method=randomized_straddle
  seed=2 surrogate=gpr_fixed_or_existing method=expected_feasibility
  seed=2 surrogate=gpr_fixed_or_existing method=boundary_gated_diversified_straddle
  seed=2 surrogate=gpr_fixed_or_existing method=gpr_boundary_weighted_ivr
  seed=2 surrogate=gpr_fixed_or_existing method=gpr_bernoulli_sur_refit
  seed=2 surrogate=gpc_fixed_iso method=classifier_margin
  seed=2 surrogate=gpc_fixed_iso method=classifier_entropy
  seed=2 surrogate=gpc_fixed_iso method=classifier_uncertainty_repulsion
  seed=3 surrogate=gpr_fixed_or_existing method=random
  seed=3 surrogate=gpr_fixed_or_existing method=smallest_abs_mu
  seed=3 surrogate=gpr_fixed_or_existing method=straddle
  seed=3 surrogate=gpr_fixed_or_existing method=randomized_straddle
  seed=3 surrogate=gpr_fixed_or_existing method=expected_feasibility
  seed=3 surrogate=gpr_fixed_or_existing method=boundary_gated_diversified_straddle
  seed=3 surrogate=gpr_fixed_or_existing method=gpr_boundary_weighted_ivr
  seed=3 surrogate=gpr_fixed_or_existing method=gpr_bernoulli_sur_refit
  seed=3 surrogate=gpc_fixed_iso method=classifier_margin
  seed=3 surrogate=gpc_fixed_iso method=classifier_entropy
  seed=3 surrogate=gpc_fixed_iso method=classifier_uncertainty_repulsion
  seed=4 surrogate=gpr_fixed_or_existing method=random
  seed=4 surrogate=gpr_fixed_or_existing method=smallest_abs_mu
  seed=4 surrogate=gpr_fixed_or_existing method=straddle
  seed=4 surrogate=gpr_fixed_or_existing method=randomized_straddle
  seed=4 surrogate=gpr_fixed_or_existing method=expected_feasibility
  seed=4 surrogate=gpr_fixed_or_existing method=boundary_gated_diversified_straddle
  seed=4 surrogate=gpr_fixed_or_existing method=gpr_boundary_weighted_ivr
  seed=4 surrogate=gpr_fixed_or_existing method=gpr_bernoulli_sur_refit
  seed=4 surrogate=gpc_fixed_iso method=classifier_margin
  seed=4 surrogate=gpc_fixed_iso method=classifier_entropy
  seed=4 surrogate=gpc_fixed_iso method=classifier_uncertainty_repulsion
Running Thresholded 4D Ackley: 5 seed(s), 11 method(s).
  seed=0 surrogate=gpr_fixed_or_existing method=random
  seed=0 surrogate=gpr_fixed_or_existing method=smallest_abs_mu
  seed=0 surrogate=gpr_fixed_or_existing method=straddle
  seed=0 surrogate=gpr_fixed_or_existing method=randomized_straddle
  seed=0 surrogate=gpr_fixed_or_existing method=expected_feasibility
  seed=0 surrogate=gpr_fixed_or_existing method=boundary_gated_diversified_straddle
  seed=0 surrogate=gpr_fixed_or_existing method=gpr_boundary_weighted_ivr
  seed=0 surrogate=gpr_fixed_or_existing method=gpr_bernoulli_sur_refit
  seed=0 surrogate=gpc_fixed_iso method=classifier_margin
  seed=0 surrogate=gpc_fixed_iso method=classifier_entropy
  seed=0 surrogate=gpc_fixed_iso method=classifier_uncertainty_repulsion
  seed=1 surrogate=gpr_fixed_or_existing method=random
  seed=1 surrogate=gpr_fixed_or_existing method=smallest_abs_mu
  seed=1 surrogate=gpr_fixed_or_existing method=straddle
  seed=1 surrogate=gpr_fixed_or_existing method=randomized_straddle
  seed=1 surrogate=gpr_fixed_or_existing method=expected_feasibility
  seed=1 surrogate=gpr_fixed_or_existing method=boundary_gated_diversified_straddle
  seed=1 surrogate=gpr_fixed_or_existing method=gpr_boundary_weighted_ivr
  seed=1 surrogate=gpr_fixed_or_existing method=gpr_bernoulli_sur_refit
  seed=1 surrogate=gpc_fixed_iso method=classifier_margin
  seed=1 surrogate=gpc_fixed_iso method=classifier_entropy
  seed=1 surrogate=gpc_fixed_iso method=classifier_uncertainty_repulsion
  seed=2 surrogate=gpr_fixed_or_existing method=random
  seed=2 surrogate=gpr_fixed_or_existing method=smallest_abs_mu
  seed=2 surrogate=gpr_fixed_or_existing method=straddle
  seed=2 surrogate=gpr_fixed_or_existing method=randomized_straddle
  seed=2 surrogate=gpr_fixed_or_existing method=expected_feasibility
  seed=2 surrogate=gpr_fixed_or_existing method=boundary_gated_diversified_straddle
  seed=2 surrogate=gpr_fixed_or_existing method=gpr_boundary_weighted_ivr
  seed=2 surrogate=gpr_fixed_or_existing method=gpr_bernoulli_sur_refit
  seed=2 surrogate=gpc_fixed_iso method=classifier_margin
  seed=2 surrogate=gpc_fixed_iso method=classifier_entropy
  seed=2 surrogate=gpc_fixed_iso method=classifier_uncertainty_repulsion
  seed=3 surrogate=gpr_fixed_or_existing method=random
  seed=3 surrogate=gpr_fixed_or_existing method=smallest_abs_mu
  seed=3 surrogate=gpr_fixed_or_existing method=straddle
  seed=3 surrogate=gpr_fixed_or_existing method=randomized_straddle
  seed=3 surrogate=gpr_fixed_or_existing method=expected_feasibility
  seed=3 surrogate=gpr_fixed_or_existing method=boundary_gated_diversified_straddle
  seed=3 surrogate=gpr_fixed_or_existing method=gpr_boundary_weighted_ivr
  seed=3 surrogate=gpr_fixed_or_existing method=gpr_bernoulli_sur_refit
  seed=3 surrogate=gpc_fixed_iso method=classifier_margin
  seed=3 surrogate=gpc_fixed_iso method=classifier_entropy
  seed=3 surrogate=gpc_fixed_iso method=classifier_uncertainty_repulsion
  seed=4 surrogate=gpr_fixed_or_existing method=random
  seed=4 surrogate=gpr_fixed_or_existing method=smallest_abs_mu
  seed=4 surrogate=gpr_fixed_or_existing method=straddle
  seed=4 surrogate=gpr_fixed_or_existing method=randomized_straddle
  seed=4 surrogate=gpr_fixed_or_existing method=expected_feasibility
  seed=4 surrogate=gpr_fixed_or_existing method=boundary_gated_diversified_straddle
  seed=4 surrogate=gpr_fixed_or_existing method=gpr_boundary_weighted_ivr
  seed=4 surrogate=gpr_fixed_or_existing method=gpr_bernoulli_sur_refit
  seed=4 surrogate=gpc_fixed_iso method=classifier_margin
  seed=4 surrogate=gpc_fixed_iso method=classifier_entropy
  seed=4 surrogate=gpc_fixed_iso method=classifier_uncertainty_repulsion
Running Thresholded 4D Hartmann: 5 seed(s), 12 method(s).
  seed=0 surrogate=gpr_fixed_or_existing method=random
  seed=0 surrogate=gpr_fixed_or_existing method=smallest_abs_mu
  seed=0 surrogate=gpr_fixed_or_existing method=straddle
  seed=0 surrogate=gpr_fixed_or_existing method=randomized_straddle
  seed=0 surrogate=gpr_fixed_or_existing method=expected_feasibility
  seed=0 surrogate=gpr_fixed_or_existing method=boundary_gated_diversified_straddle
  seed=0 surrogate=gpr_fixed_or_existing method=gpr_boundary_weighted_ivr
  seed=0 surrogate=gpr_fixed_or_existing method=gpr_bernoulli_sur_refit
  seed=0 surrogate=gpc_fixed_iso method=classifier_margin
  seed=0 surrogate=gpc_fixed_iso method=classifier_entropy
  seed=0 surrogate=gpc_fixed_iso method=classifier_uncertainty_repulsion
  seed=0 surrogate=gpc_fixed_iso method=gpc_bernoulli_sur_refit
  seed=1 surrogate=gpr_fixed_or_existing method=random
  seed=1 surrogate=gpr_fixed_or_existing method=smallest_abs_mu
  seed=1 surrogate=gpr_fixed_or_existing method=straddle
  seed=1 surrogate=gpr_fixed_or_existing method=randomized_straddle
  seed=1 surrogate=gpr_fixed_or_existing method=expected_feasibility
  seed=1 surrogate=gpr_fixed_or_existing method=boundary_gated_diversified_straddle
  seed=1 surrogate=gpr_fixed_or_existing method=gpr_boundary_weighted_ivr
  seed=1 surrogate=gpr_fixed_or_existing method=gpr_bernoulli_sur_refit
  seed=1 surrogate=gpc_fixed_iso method=classifier_margin
  seed=1 surrogate=gpc_fixed_iso method=classifier_entropy
  seed=1 surrogate=gpc_fixed_iso method=classifier_uncertainty_repulsion
  seed=2 surrogate=gpr_fixed_or_existing method=random
  seed=2 surrogate=gpr_fixed_or_existing method=smallest_abs_mu
  seed=2 surrogate=gpr_fixed_or_existing method=straddle
  seed=2 surrogate=gpr_fixed_or_existing method=randomized_straddle
  seed=2 surrogate=gpr_fixed_or_existing method=expected_feasibility
  seed=2 surrogate=gpr_fixed_or_existing method=boundary_gated_diversified_straddle
  seed=2 surrogate=gpr_fixed_or_existing method=gpr_boundary_weighted_ivr
  seed=2 surrogate=gpr_fixed_or_existing method=gpr_bernoulli_sur_refit
  seed=2 surrogate=gpc_fixed_iso method=classifier_margin
  seed=2 surrogate=gpc_fixed_iso method=classifier_entropy
  seed=2 surrogate=gpc_fixed_iso method=classifier_uncertainty_repulsion
  seed=3 surrogate=gpr_fixed_or_existing method=random
  seed=3 surrogate=gpr_fixed_or_existing method=smallest_abs_mu
  seed=3 surrogate=gpr_fixed_or_existing method=straddle
  seed=3 surrogate=gpr_fixed_or_existing method=randomized_straddle
  seed=3 surrogate=gpr_fixed_or_existing method=expected_feasibility
  seed=3 surrogate=gpr_fixed_or_existing method=boundary_gated_diversified_straddle
  seed=3 surrogate=gpr_fixed_or_existing method=gpr_boundary_weighted_ivr
  seed=3 surrogate=gpr_fixed_or_existing method=gpr_bernoulli_sur_refit
  seed=3 surrogate=gpc_fixed_iso method=classifier_margin
  seed=3 surrogate=gpc_fixed_iso method=classifier_entropy
  seed=3 surrogate=gpc_fixed_iso method=classifier_uncertainty_repulsion
  seed=4 surrogate=gpr_fixed_or_existing method=random
  seed=4 surrogate=gpr_fixed_or_existing method=smallest_abs_mu
  seed=4 surrogate=gpr_fixed_or_existing method=straddle
  seed=4 surrogate=gpr_fixed_or_existing method=randomized_straddle
  seed=4 surrogate=gpr_fixed_or_existing method=expected_feasibility
  seed=4 surrogate=gpr_fixed_or_existing method=boundary_gated_diversified_straddle
  seed=4 surrogate=gpr_fixed_or_existing method=gpr_boundary_weighted_ivr
  seed=4 surrogate=gpr_fixed_or_existing method=gpr_bernoulli_sur_refit
  seed=4 surrogate=gpc_fixed_iso method=classifier_margin
  seed=4 surrogate=gpc_fixed_iso method=classifier_entropy
  seed=4 surrogate=gpc_fixed_iso method=classifier_uncertainty_repulsion
Week 7 boundary-weighted SUR benchmark complete in 1735.1s (full mode).
Thresholded Branin: best global=gpc_fixed_iso/gpc_bernoulli_sur_refit (0.0585), best q20=gpc_fixed_iso/gpc_bernoulli_sur_refit (0.2213), best q30=gpc_fixed_iso/gpc_bernoulli_sur_refit (0.1567)
Thresholded 4D Ackley: best global=gpr_fixed_or_existing/straddle (0.1684), best q20=gpr_fixed_or_existing/randomized_straddle (0.4084), best q30=gpr_fixed_or_existing/randomized_straddle (0.3682)
Thresholded 4D Hartmann: best global=gpc_fixed_iso/gpc_bernoulli_sur_refit (0.1122), best q20=gpc_fixed_iso/gpc_bernoulli_sur_refit (0.3655), best q30=gpc_fixed_iso/gpc_bernoulli_sur_refit (0.3010)
Saved outputs to C:\Users\ozgur\Documents\thesis\outputs\week7_boundary_weighted_sur
