Phase 3 input and worktree verification
Phase 3A: current GP and nested simple baselines
checkpoint reused: gp__phase3b_kernel_noise__width__T0__matern32_learned_nugget.csv
checkpoint reused: gp__phase3b_kernel_noise__length__T0__matern32_learned_nugget.csv
checkpoint reused: gp__phase3b_kernel_noise__depth__T0__matern32_learned_nugget.csv
checkpoint reused: ridge__width__linear_ridge.csv
checkpoint reused: ridge__width__polynomial_ridge_degree2.csv
checkpoint reused: ridge__length__linear_ridge.csv
checkpoint reused: ridge__length__polynomial_ridge_degree2.csv
checkpoint reused: ridge__depth__linear_ridge.csv
checkpoint reused: ridge__depth__polynomial_ridge_degree2.csv
Phase 3B: six isotropic kernel/noise configurations
checkpoint reused: gp__phase3b_kernel_noise__width__T0__rbf_no_nugget.csv
checkpoint reused: gp__phase3b_kernel_noise__width__T0__rbf_learned_nugget.csv
checkpoint reused: gp__phase3b_kernel_noise__width__T0__matern32_no_nugget.csv
checkpoint reused: gp__phase3b_kernel_noise__width__T0__matern52_no_nugget.csv
checkpoint reused: gp__phase3b_kernel_noise__width__T0__matern52_learned_nugget.csv
checkpoint reused: gp__phase3b_kernel_noise__length__T0__rbf_no_nugget.csv
checkpoint reused: gp__phase3b_kernel_noise__length__T0__rbf_learned_nugget.csv
checkpoint reused: gp__phase3b_kernel_noise__length__T0__matern32_no_nugget.csv
checkpoint reused: gp__phase3b_kernel_noise__length__T0__matern52_no_nugget.csv
checkpoint reused: gp__phase3b_kernel_noise__length__T0__matern52_learned_nugget.csv
checkpoint reused: gp__phase3b_kernel_noise__depth__T0__rbf_no_nugget.csv
checkpoint reused: gp__phase3b_kernel_noise__depth__T0__rbf_learned_nugget.csv
checkpoint reused: gp__phase3b_kernel_noise__depth__T0__matern32_no_nugget.csv
checkpoint reused: gp__phase3b_kernel_noise__depth__T0__matern52_no_nugget.csv
checkpoint reused: gp__phase3b_kernel_noise__depth__T0__matern52_learned_nugget.csv
Phase 3C: exact raw T0-T5 target reconstruction
target reconstruction: 25/241 simulations
target reconstruction: 50/241 simulations
target reconstruction: 75/241 simulations
target reconstruction: 100/241 simulations
target reconstruction: 125/241 simulations
target reconstruction: 150/241 simulations
target reconstruction: 175/241 simulations
target reconstruction: 200/241 simulations
target reconstruction: 225/241 simulations
target reconstruction: 241/241 simulations
Phase 3C: fixed-GP exact LOO for T0-T5
checkpoint reused: gp__phase3c_fixed_gp_target_definition_sensitivity__width__T1__matern32_learned_nugget.csv
checkpoint reused: gp__phase3c_fixed_gp_target_definition_sensitivity__width__T2__matern32_learned_nugget.csv
checkpoint reused: gp__phase3c_fixed_gp_target_definition_sensitivity__width__T3__matern32_learned_nugget.csv
checkpoint reused: gp__phase3c_fixed_gp_target_definition_sensitivity__width__T4__matern32_learned_nugget.csv
checkpoint reused: gp__phase3c_fixed_gp_target_definition_sensitivity__width__T5__matern32_learned_nugget.csv
phase3c_fixed_gp_target_definition_sensitivity length T1 matern52_learned_nugget: 20/241 folds (8.6s)
phase3c_fixed_gp_target_definition_sensitivity length T1 matern52_learned_nugget: 40/241 folds (16.4s)
phase3c_fixed_gp_target_definition_sensitivity length T1 matern52_learned_nugget: 60/241 folds (24.1s)
phase3c_fixed_gp_target_definition_sensitivity length T1 matern52_learned_nugget: 80/241 folds (33.2s)
phase3c_fixed_gp_target_definition_sensitivity length T1 matern52_learned_nugget: 100/241 folds (40.6s)
phase3c_fixed_gp_target_definition_sensitivity length T1 matern52_learned_nugget: 120/241 folds (47.5s)
phase3c_fixed_gp_target_definition_sensitivity length T1 matern52_learned_nugget: 140/241 folds (55.5s)
phase3c_fixed_gp_target_definition_sensitivity length T1 matern52_learned_nugget: 160/241 folds (62.9s)
phase3c_fixed_gp_target_definition_sensitivity length T1 matern52_learned_nugget: 180/241 folds (69.6s)
phase3c_fixed_gp_target_definition_sensitivity length T1 matern52_learned_nugget: 200/241 folds (77.2s)
phase3c_fixed_gp_target_definition_sensitivity length T1 matern52_learned_nugget: 220/241 folds (84.3s)
phase3c_fixed_gp_target_definition_sensitivity length T1 matern52_learned_nugget: 240/241 folds (91.4s)
phase3c_fixed_gp_target_definition_sensitivity length T1 matern52_learned_nugget: 241/241 folds (91.5s)
phase3c_fixed_gp_target_definition_sensitivity length T2 matern52_learned_nugget: 20/241 folds (8.4s)
phase3c_fixed_gp_target_definition_sensitivity length T2 matern52_learned_nugget: 40/241 folds (16.8s)
phase3c_fixed_gp_target_definition_sensitivity length T2 matern52_learned_nugget: 60/241 folds (24.7s)
phase3c_fixed_gp_target_definition_sensitivity length T2 matern52_learned_nugget: 80/241 folds (34.2s)
phase3c_fixed_gp_target_definition_sensitivity length T2 matern52_learned_nugget: 100/241 folds (42.2s)
phase3c_fixed_gp_target_definition_sensitivity length T2 matern52_learned_nugget: 120/241 folds (49.9s)
phase3c_fixed_gp_target_definition_sensitivity length T2 matern52_learned_nugget: 140/241 folds (58.2s)
phase3c_fixed_gp_target_definition_sensitivity length T2 matern52_learned_nugget: 160/241 folds (66.9s)
phase3c_fixed_gp_target_definition_sensitivity length T2 matern52_learned_nugget: 180/241 folds (74.1s)
phase3c_fixed_gp_target_definition_sensitivity length T2 matern52_learned_nugget: 200/241 folds (82.7s)
phase3c_fixed_gp_target_definition_sensitivity length T2 matern52_learned_nugget: 220/241 folds (91.3s)
phase3c_fixed_gp_target_definition_sensitivity length T2 matern52_learned_nugget: 240/241 folds (99.2s)
phase3c_fixed_gp_target_definition_sensitivity length T2 matern52_learned_nugget: 241/241 folds (99.7s)
phase3c_fixed_gp_target_definition_sensitivity length T3 matern52_learned_nugget: 20/241 folds (8.9s)
phase3c_fixed_gp_target_definition_sensitivity length T3 matern52_learned_nugget: 40/241 folds (17.9s)
phase3c_fixed_gp_target_definition_sensitivity length T3 matern52_learned_nugget: 60/241 folds (24.6s)
phase3c_fixed_gp_target_definition_sensitivity length T3 matern52_learned_nugget: 80/241 folds (32.4s)
phase3c_fixed_gp_target_definition_sensitivity length T3 matern52_learned_nugget: 100/241 folds (39.5s)
phase3c_fixed_gp_target_definition_sensitivity length T3 matern52_learned_nugget: 120/241 folds (46.4s)
phase3c_fixed_gp_target_definition_sensitivity length T3 matern52_learned_nugget: 140/241 folds (55.4s)
phase3c_fixed_gp_target_definition_sensitivity length T3 matern52_learned_nugget: 160/241 folds (63.1s)
phase3c_fixed_gp_target_definition_sensitivity length T3 matern52_learned_nugget: 180/241 folds (70.4s)
phase3c_fixed_gp_target_definition_sensitivity length T3 matern52_learned_nugget: 200/241 folds (79.1s)
phase3c_fixed_gp_target_definition_sensitivity length T3 matern52_learned_nugget: 220/241 folds (86.3s)
phase3c_fixed_gp_target_definition_sensitivity length T3 matern52_learned_nugget: 240/241 folds (93.5s)
phase3c_fixed_gp_target_definition_sensitivity length T3 matern52_learned_nugget: 241/241 folds (93.7s)
phase3c_fixed_gp_target_definition_sensitivity length T4 matern52_learned_nugget: 20/241 folds (9.1s)
phase3c_fixed_gp_target_definition_sensitivity length T4 matern52_learned_nugget: 40/241 folds (16.1s)
phase3c_fixed_gp_target_definition_sensitivity length T4 matern52_learned_nugget: 60/241 folds (24.6s)
phase3c_fixed_gp_target_definition_sensitivity length T4 matern52_learned_nugget: 80/241 folds (32.9s)
phase3c_fixed_gp_target_definition_sensitivity length T4 matern52_learned_nugget: 100/241 folds (41.9s)
phase3c_fixed_gp_target_definition_sensitivity length T4 matern52_learned_nugget: 120/241 folds (51.2s)
phase3c_fixed_gp_target_definition_sensitivity length T4 matern52_learned_nugget: 140/241 folds (58.3s)
phase3c_fixed_gp_target_definition_sensitivity length T4 matern52_learned_nugget: 160/241 folds (66.8s)
phase3c_fixed_gp_target_definition_sensitivity length T4 matern52_learned_nugget: 180/241 folds (73.5s)
phase3c_fixed_gp_target_definition_sensitivity length T4 matern52_learned_nugget: 200/241 folds (80.9s)
phase3c_fixed_gp_target_definition_sensitivity length T4 matern52_learned_nugget: 220/241 folds (88.1s)
phase3c_fixed_gp_target_definition_sensitivity length T4 matern52_learned_nugget: 240/241 folds (96.6s)
phase3c_fixed_gp_target_definition_sensitivity length T4 matern52_learned_nugget: 241/241 folds (96.6s)
phase3c_fixed_gp_target_definition_sensitivity length T5 matern52_learned_nugget: 20/241 folds (12.4s)
phase3c_fixed_gp_target_definition_sensitivity length T5 matern52_learned_nugget: 40/241 folds (24.1s)
phase3c_fixed_gp_target_definition_sensitivity length T5 matern52_learned_nugget: 60/241 folds (34.6s)
phase3c_fixed_gp_target_definition_sensitivity length T5 matern52_learned_nugget: 80/241 folds (44.8s)
phase3c_fixed_gp_target_definition_sensitivity length T5 matern52_learned_nugget: 100/241 folds (55.8s)
phase3c_fixed_gp_target_definition_sensitivity length T5 matern52_learned_nugget: 120/241 folds (66.0s)
phase3c_fixed_gp_target_definition_sensitivity length T5 matern52_learned_nugget: 140/241 folds (75.8s)
phase3c_fixed_gp_target_definition_sensitivity length T5 matern52_learned_nugget: 160/241 folds (85.5s)
phase3c_fixed_gp_target_definition_sensitivity length T5 matern52_learned_nugget: 180/241 folds (94.5s)
phase3c_fixed_gp_target_definition_sensitivity length T5 matern52_learned_nugget: 200/241 folds (105.8s)
phase3c_fixed_gp_target_definition_sensitivity length T5 matern52_learned_nugget: 220/241 folds (115.5s)
phase3c_fixed_gp_target_definition_sensitivity length T5 matern52_learned_nugget: 240/241 folds (125.7s)
phase3c_fixed_gp_target_definition_sensitivity length T5 matern52_learned_nugget: 241/241 folds (126.1s)
checkpoint reused: gp__phase3c_fixed_gp_target_definition_sensitivity__depth__T1__matern32_learned_nugget.csv
checkpoint reused: gp__phase3c_fixed_gp_target_definition_sensitivity__depth__T2__matern32_learned_nugget.csv
checkpoint reused: gp__phase3c_fixed_gp_target_definition_sensitivity__depth__T3__matern32_learned_nugget.csv
checkpoint reused: gp__phase3c_fixed_gp_target_definition_sensitivity__depth__T4__matern32_learned_nugget.csv
checkpoint reused: gp__phase3c_fixed_gp_target_definition_sensitivity__depth__T5__matern32_learned_nugget.csv
Building and executing the Phase 3 notebook
built C:\Users\ozgur\Documents\thesis-week6-melt-pool-audit\notebooks\week_06\04_phase3_model_target_robustness.ipynb
built C:\Users\ozgur\Documents\thesis-week6-melt-pool-audit\notebooks\week_06\04_phase3_model_target_robustness.ipynb
Phase 3 complete: 51/51 validation checks PASS
