Week 7 Phase 1 full audit
Pinned downloads: 3/3
Pinned repository inventory: 10,000 tree items
Pinned repository inventory: 20,000 tree items
Pinned repository inventory: 30,000 tree items
Pinned repository inventory: 40,000 tree items
Pinned repository inventory: 50,000 tree items
Pinned repository inventory: 60,000 tree items
Pinned repository inventory: 70,000 tree items
Pinned repository inventory: 80,000 tree items
Pinned repository inventory: 90,000 tree items
Pinned repository inventory: 100,000 tree items
Pinned repository inventory: 110,000 tree items
Pinned repository inventory: 120,000 tree items
Pinned repository inventory: 130,000 tree items
Pinned repository inventory: 140,000 tree items
Pinned repository inventory: 150,000 tree items
Pinned repository inventory: 160,000 tree items
Pinned repository inventory: 170,000 tree items
Pinned repository inventory: 180,000 tree items
Pinned repository inventory: 190,000 tree items
Pinned repository inventory: 200,000 tree items
Pinned repository inventory: 210,000 tree items
Pinned repository inventory: 220,000 tree items
Pinned repository inventory: 230,000 tree items
Pinned repository inventory: 240,000 tree items
Pinned repository inventory: 250,000 tree items
Pinned repository inventory: 260,000 tree items
Pinned repository inventory: 270,000 tree items
Pinned repository inventory: 280,000 tree items
Pinned repository inventory: 290,000 tree items
Pinned repository inventory: 300,000 tree items
Pinned repository inventory: 310,000 tree items
Pinned repository inventory: 320,000 tree items
Pinned repository inventory: 330,000 tree items
Pinned repository inventory: 340,000 tree items
Pinned repository inventory: complete with 349,321 tree items
Pinned downloads: 40/814
Pinned downloads: 80/814
Pinned downloads: 120/814
Pinned downloads: 160/814
Pinned downloads: 200/814
Pinned downloads: 240/814
Pinned downloads: 280/814
Pinned downloads: 320/814
Pinned downloads: 360/814
Pinned downloads: 400/814
Pinned downloads: 440/814
Pinned downloads: 480/814
Pinned downloads: 520/814
Pinned downloads: 560/814
Pinned downloads: 600/814
Pinned downloads: 640/814
Pinned downloads: 680/814
Pinned downloads: 720/814
Pinned downloads: 760/814
Pinned downloads: 800/814
Pinned downloads: 814/814
Small-file compatibility: 50/407
Small-file compatibility: 100/407
Small-file compatibility: 150/407
Small-file compatibility: 200/407
Small-file compatibility: 250/407
Small-file compatibility: 300/407
Small-file compatibility: 350/407
Small-file compatibility: 400/407
Small-file compatibility: 407/407
Phase 1 complete: 407 experiments, 110,804 frames; validation {'PASS': 20, 'FAIL': 1, 'WARNING': 1}
