2026-08-11T20:00:24+00:00 START methods=max_depth_random,max_depth_boundary_proximity,max_depth_straddle,max_depth_randomized_straddle,max_depth_expected_feasibility,binary_random,binary_margin,binary_uncertainty_repulsion final_budget=80
2026-08-11T20:00:24+00:00 METHOD_START max_depth_random
2026-08-11T20:00:47+00:00 METHOD_DONE max_depth_random runtime_seconds=23.227
2026-08-11T20:00:47+00:00 METHOD_START max_depth_boundary_proximity
2026-08-11T20:01:20+00:00 METHOD_DONE max_depth_boundary_proximity runtime_seconds=32.135
2026-08-11T20:01:20+00:00 METHOD_START max_depth_straddle
2026-08-11T20:01:37+00:00 START methods=max_depth_random,max_depth_boundary_proximity,max_depth_straddle,max_depth_randomized_straddle,max_depth_expected_feasibility,binary_random,binary_margin,binary_uncertainty_repulsion final_budget=80
2026-08-11T20:01:37+00:00 METHOD_START max_depth_random
2026-08-11T20:01:37+00:00 METHOD_DONE max_depth_random runtime_seconds=23.227
2026-08-11T20:01:37+00:00 METHOD_START max_depth_boundary_proximity
2026-08-11T20:01:37+00:00 METHOD_DONE max_depth_boundary_proximity runtime_seconds=32.135
2026-08-11T20:01:37+00:00 METHOD_START max_depth_straddle
2026-08-11T20:01:46+00:00 METHOD_DONE max_depth_straddle runtime_seconds=26.753
2026-08-11T20:01:46+00:00 METHOD_START max_depth_randomized_straddle
2026-08-11T20:02:03+00:00 METHOD_DONE max_depth_straddle runtime_seconds=24.970
2026-08-11T20:02:03+00:00 METHOD_START max_depth_randomized_straddle
2026-08-11T20:02:10+00:00 METHOD_DONE max_depth_randomized_straddle runtime_seconds=23.490
2026-08-11T20:02:10+00:00 METHOD_START max_depth_expected_feasibility
2026-08-11T20:02:28+00:00 METHOD_DONE max_depth_randomized_straddle runtime_seconds=25.665
2026-08-11T20:02:28+00:00 METHOD_START max_depth_expected_feasibility
2026-08-11T20:02:38+00:00 METHOD_DONE max_depth_expected_feasibility runtime_seconds=27.664
2026-08-11T20:02:38+00:00 METHOD_START binary_random
2026-08-11T20:02:46+00:00 METHOD_DONE binary_random runtime_seconds=8.875
2026-08-11T20:02:46+00:00 METHOD_START binary_margin
2026-08-11T20:02:53+00:00 METHOD_DONE binary_margin runtime_seconds=6.759
2026-08-11T20:02:53+00:00 METHOD_START binary_uncertainty_repulsion
2026-08-11T20:02:54+00:00 METHOD_DONE max_depth_expected_feasibility runtime_seconds=25.999
2026-08-11T20:02:54+00:00 METHOD_START binary_random
2026-08-11T20:02:54+00:00 METHOD_DONE binary_random runtime_seconds=8.875
2026-08-11T20:02:54+00:00 METHOD_START binary_margin
2026-08-11T20:02:54+00:00 METHOD_DONE binary_margin runtime_seconds=6.759
2026-08-11T20:02:54+00:00 METHOD_START binary_uncertainty_repulsion
2026-08-11T20:03:00+00:00 METHOD_DONE binary_uncertainty_repulsion runtime_seconds=6.960
2026-08-11T20:03:00+00:00 DONE
2026-08-11T20:03:02+00:00 METHOD_DONE binary_uncertainty_repulsion runtime_seconds=7.554
2026-08-11T20:03:02+00:00 DONE
