Warning: You are sending unauthenticated requests to the HF Hub. Please set a HF_TOKEN to enable higher rate limits and faster downloads.
C:\Users\ozgur\Documents\thesis-week6-melt-pool-audit\.venv\Lib\site-packages\zmq\_future.py:718: RuntimeWarning: Proactor event loop does not implement add_reader family of methods required for zmq. Registering an additional selector thread for add_reader support via tornado. Use `asyncio.set_event_loop_policy(WindowsSelectorEventLoopPolicy())` to avoid this warning.
  self._get_loop()
[IPKernelApp] WARNING | Kernel is running over TCP without encryption. All communication (including code and outputs) is sent in plain text and is susceptible to eavesdropping. Use IPC transport or launch with kernel manager-provisioned CurveZMQ keys to enable transport encryption.
Traceback (most recent call last):
  File "C:\Users\ozgur\Documents\thesis-week6-melt-pool-audit\src\week6_phase3_5_regime_target_design.py", line 5463, in <module>
    main()
    ~~~~^^
  File "C:\Users\ozgur\Documents\thesis-week6-melt-pool-audit\src\week6_phase3_5_regime_target_design.py", line 5459, in main
    full_run(args)
    ~~~~~~~~^^^^^^
  File "C:\Users\ozgur\Documents\thesis-week6-melt-pool-audit\src\week6_phase3_5_regime_target_design.py", line 5327, in full_run
    validation = run_validation(
        OUTPUT_DIR,
    ...<25 lines>...
        manifest=manifest,
    )
  File "C:\Users\ozgur\Documents\thesis-week6-melt-pool-audit\src\week6_phase3_5_regime_target_design.py", line 4669, in run_validation
    raise RuntimeError(
    ...<2 lines>...
    )
RuntimeError: Phase 3.5 validation failed:
 check_id                               requirement        evidence
       56       No active-learning loop implemented discussion only
       57              No GP classifier implemented   none imported
       58 No kinetic-energy Phase 4 work introduced   deferred only
