Phase 3 input and worktree verification
Phase 3A: current GP and nested simple baselines
checkpoint reused: gp__phase3b_kernel_noise__width__T0__matern32_learned_nugget.csv
checkpoint reused: gp__phase3b_kernel_noise__length__T0__matern32_learned_nugget.csv
checkpoint reused: gp__phase3b_kernel_noise__depth__T0__matern32_learned_nugget.csv
checkpoint reused: ridge__width__linear_ridge.csv
checkpoint reused: ridge__width__polynomial_ridge_degree2.csv
checkpoint reused: ridge__length__linear_ridge.csv
checkpoint reused: ridge__length__polynomial_ridge_degree2.csv
checkpoint reused: ridge__depth__linear_ridge.csv
checkpoint reused: ridge__depth__polynomial_ridge_degree2.csv
Phase 3B: six isotropic kernel/noise configurations
checkpoint reused: gp__phase3b_kernel_noise__width__T0__rbf_no_nugget.csv
checkpoint reused: gp__phase3b_kernel_noise__width__T0__rbf_learned_nugget.csv
checkpoint reused: gp__phase3b_kernel_noise__width__T0__matern32_no_nugget.csv
checkpoint reused: gp__phase3b_kernel_noise__width__T0__matern52_no_nugget.csv
checkpoint reused: gp__phase3b_kernel_noise__width__T0__matern52_learned_nugget.csv
checkpoint reused: gp__phase3b_kernel_noise__length__T0__rbf_no_nugget.csv
checkpoint reused: gp__phase3b_kernel_noise__length__T0__rbf_learned_nugget.csv
checkpoint reused: gp__phase3b_kernel_noise__length__T0__matern32_no_nugget.csv
checkpoint reused: gp__phase3b_kernel_noise__length__T0__matern52_no_nugget.csv
checkpoint reused: gp__phase3b_kernel_noise__length__T0__matern52_learned_nugget.csv
checkpoint reused: gp__phase3b_kernel_noise__depth__T0__rbf_no_nugget.csv
checkpoint reused: gp__phase3b_kernel_noise__depth__T0__rbf_learned_nugget.csv
checkpoint reused: gp__phase3b_kernel_noise__depth__T0__matern32_no_nugget.csv
checkpoint reused: gp__phase3b_kernel_noise__depth__T0__matern52_no_nugget.csv
checkpoint reused: gp__phase3b_kernel_noise__depth__T0__matern52_learned_nugget.csv
Phase 3C: exact raw T0-T5 target reconstruction
target reconstruction: 25/241 simulations
target reconstruction: 50/241 simulations
target reconstruction: 75/241 simulations
target reconstruction: 100/241 simulations
target reconstruction: 125/241 simulations
target reconstruction: 150/241 simulations
target reconstruction: 175/241 simulations
target reconstruction: 200/241 simulations
target reconstruction: 225/241 simulations
target reconstruction: 241/241 simulations
Phase 3C: fixed-GP exact LOO for T0-T5
checkpoint reused: gp__phase3c_fixed_gp_target_definition_sensitivity__width__T1__matern32_learned_nugget.csv
checkpoint reused: gp__phase3c_fixed_gp_target_definition_sensitivity__width__T2__matern32_learned_nugget.csv
checkpoint reused: gp__phase3c_fixed_gp_target_definition_sensitivity__width__T3__matern32_learned_nugget.csv
checkpoint reused: gp__phase3c_fixed_gp_target_definition_sensitivity__width__T4__matern32_learned_nugget.csv
checkpoint reused: gp__phase3c_fixed_gp_target_definition_sensitivity__width__T5__matern32_learned_nugget.csv
checkpoint reused: gp__phase3c_fixed_gp_target_definition_sensitivity__length__T1__matern52_learned_nugget.csv
checkpoint reused: gp__phase3c_fixed_gp_target_definition_sensitivity__length__T2__matern52_learned_nugget.csv
checkpoint reused: gp__phase3c_fixed_gp_target_definition_sensitivity__length__T3__matern52_learned_nugget.csv
checkpoint reused: gp__phase3c_fixed_gp_target_definition_sensitivity__length__T4__matern52_learned_nugget.csv
checkpoint reused: gp__phase3c_fixed_gp_target_definition_sensitivity__length__T5__matern52_learned_nugget.csv
checkpoint reused: gp__phase3c_fixed_gp_target_definition_sensitivity__depth__T1__matern32_learned_nugget.csv
checkpoint reused: gp__phase3c_fixed_gp_target_definition_sensitivity__depth__T2__matern32_learned_nugget.csv
checkpoint reused: gp__phase3c_fixed_gp_target_definition_sensitivity__depth__T3__matern32_learned_nugget.csv
checkpoint reused: gp__phase3c_fixed_gp_target_definition_sensitivity__depth__T4__matern32_learned_nugget.csv
checkpoint reused: gp__phase3c_fixed_gp_target_definition_sensitivity__depth__T5__matern32_learned_nugget.csv
Building and executing the Phase 3 notebook
built C:\Users\ozgur\Documents\thesis-week6-melt-pool-audit\notebooks\week_06\04_phase3_model_target_robustness.ipynb
built C:\Users\ozgur\Documents\thesis-week6-melt-pool-audit\notebooks\week_06\04_phase3_model_target_robustness.ipynb
Phase 3 complete: 51/51 validation checks PASS
