Phase 1 verified: 241 rows, 34 protected files
target-summary uncertainty cache reused
full_population_loo width A_tiny_jitter: 10/241 folds (3.1s)
full_population_loo width A_tiny_jitter: 20/241 folds (4.7s)
full_population_loo width A_tiny_jitter: 30/241 folds (6.5s)
full_population_loo width A_tiny_jitter: 40/241 folds (9.2s)
full_population_loo width A_tiny_jitter: 50/241 folds (11.8s)
full_population_loo width A_tiny_jitter: 60/241 folds (13.5s)
full_population_loo width A_tiny_jitter: 70/241 folds (15.2s)
full_population_loo width A_tiny_jitter: 80/241 folds (16.9s)
full_population_loo width A_tiny_jitter: 90/241 folds (19.1s)
full_population_loo width A_tiny_jitter: 100/241 folds (21.2s)
full_population_loo width A_tiny_jitter: 110/241 folds (22.8s)
full_population_loo width A_tiny_jitter: 120/241 folds (24.7s)
full_population_loo width A_tiny_jitter: 130/241 folds (27.4s)
full_population_loo width A_tiny_jitter: 140/241 folds (29.0s)
full_population_loo width A_tiny_jitter: 150/241 folds (30.9s)
full_population_loo width A_tiny_jitter: 160/241 folds (33.5s)
full_population_loo width A_tiny_jitter: 170/241 folds (34.6s)
full_population_loo width A_tiny_jitter: 180/241 folds (36.9s)
full_population_loo width A_tiny_jitter: 190/241 folds (38.9s)
full_population_loo width A_tiny_jitter: 200/241 folds (40.3s)
full_population_loo width A_tiny_jitter: 210/241 folds (42.2s)
full_population_loo width A_tiny_jitter: 220/241 folds (43.9s)
full_population_loo width A_tiny_jitter: 230/241 folds (45.1s)
full_population_loo width A_tiny_jitter: 240/241 folds (47.0s)
full_population_loo width A_tiny_jitter: 241/241 folds (47.0s)
full_population_loo width B_learned_nugget: 10/241 folds (3.4s)
full_population_loo width B_learned_nugget: 20/241 folds (6.0s)
full_population_loo width B_learned_nugget: 30/241 folds (8.5s)
full_population_loo width B_learned_nugget: 40/241 folds (12.0s)
full_population_loo width B_learned_nugget: 50/241 folds (14.7s)
full_population_loo width B_learned_nugget: 60/241 folds (17.2s)
full_population_loo width B_learned_nugget: 70/241 folds (19.6s)
full_population_loo width B_learned_nugget: 80/241 folds (22.5s)
full_population_loo width B_learned_nugget: 90/241 folds (25.0s)
full_population_loo width B_learned_nugget: 100/241 folds (27.2s)
full_population_loo width B_learned_nugget: 110/241 folds (29.6s)
full_population_loo width B_learned_nugget: 120/241 folds (31.6s)
full_population_loo width B_learned_nugget: 130/241 folds (34.7s)
full_population_loo width B_learned_nugget: 140/241 folds (37.5s)
full_population_loo width B_learned_nugget: 150/241 folds (41.4s)
full_population_loo width B_learned_nugget: 160/241 folds (44.4s)
full_population_loo width B_learned_nugget: 170/241 folds (46.6s)
full_population_loo width B_learned_nugget: 180/241 folds (49.5s)
full_population_loo width B_learned_nugget: 190/241 folds (52.3s)
full_population_loo width B_learned_nugget: 200/241 folds (55.2s)
full_population_loo width B_learned_nugget: 210/241 folds (57.8s)
full_population_loo width B_learned_nugget: 220/241 folds (60.6s)
full_population_loo width B_learned_nugget: 230/241 folds (63.8s)
full_population_loo width B_learned_nugget: 240/241 folds (67.0s)
full_population_loo width B_learned_nugget: 241/241 folds (67.3s)
full_population_loo width C_heteroskedastic: 10/241 folds (3.1s)
full_population_loo width C_heteroskedastic: 20/241 folds (5.0s)
full_population_loo width C_heteroskedastic: 30/241 folds (6.9s)
full_population_loo width C_heteroskedastic: 40/241 folds (9.5s)
full_population_loo width C_heteroskedastic: 50/241 folds (11.6s)
full_population_loo width C_heteroskedastic: 60/241 folds (13.0s)
full_population_loo width C_heteroskedastic: 70/241 folds (14.5s)
full_population_loo width C_heteroskedastic: 80/241 folds (16.4s)
full_population_loo width C_heteroskedastic: 90/241 folds (18.2s)
full_population_loo width C_heteroskedastic: 100/241 folds (19.8s)
full_population_loo width C_heteroskedastic: 110/241 folds (21.2s)
full_population_loo width C_heteroskedastic: 120/241 folds (23.1s)
full_population_loo width C_heteroskedastic: 130/241 folds (25.9s)
full_population_loo width C_heteroskedastic: 140/241 folds (27.6s)
full_population_loo width C_heteroskedastic: 150/241 folds (29.5s)
full_population_loo width C_heteroskedastic: 160/241 folds (31.3s)
full_population_loo width C_heteroskedastic: 170/241 folds (33.0s)
full_population_loo width C_heteroskedastic: 180/241 folds (35.4s)
full_population_loo width C_heteroskedastic: 190/241 folds (37.3s)
full_population_loo width C_heteroskedastic: 200/241 folds (38.8s)
full_population_loo width C_heteroskedastic: 210/241 folds (40.4s)
full_population_loo width C_heteroskedastic: 220/241 folds (42.2s)
full_population_loo width C_heteroskedastic: 230/241 folds (43.5s)
full_population_loo width C_heteroskedastic: 240/241 folds (45.6s)
full_population_loo width C_heteroskedastic: 241/241 folds (45.6s)
full_population_loo length A_tiny_jitter: 10/241 folds (2.0s)
full_population_loo length A_tiny_jitter: 20/241 folds (3.9s)
full_population_loo length A_tiny_jitter: 30/241 folds (5.7s)
full_population_loo length A_tiny_jitter: 40/241 folds (7.2s)
full_population_loo length A_tiny_jitter: 50/241 folds (8.9s)
full_population_loo length A_tiny_jitter: 60/241 folds (11.1s)
full_population_loo length A_tiny_jitter: 70/241 folds (13.1s)
full_population_loo length A_tiny_jitter: 80/241 folds (15.0s)
full_population_loo length A_tiny_jitter: 90/241 folds (17.2s)
full_population_loo length A_tiny_jitter: 100/241 folds (18.8s)
full_population_loo length A_tiny_jitter: 110/241 folds (20.6s)
full_population_loo length A_tiny_jitter: 120/241 folds (22.1s)
full_population_loo length A_tiny_jitter: 130/241 folds (24.0s)
full_population_loo length A_tiny_jitter: 140/241 folds (25.5s)
full_population_loo length A_tiny_jitter: 150/241 folds (27.2s)
full_population_loo length A_tiny_jitter: 160/241 folds (29.2s)
full_population_loo length A_tiny_jitter: 170/241 folds (31.0s)
full_population_loo length A_tiny_jitter: 180/241 folds (32.9s)
full_population_loo length A_tiny_jitter: 190/241 folds (35.6s)
full_population_loo length A_tiny_jitter: 200/241 folds (36.7s)
full_population_loo length A_tiny_jitter: 210/241 folds (38.7s)
full_population_loo length A_tiny_jitter: 220/241 folds (40.4s)
full_population_loo length A_tiny_jitter: 230/241 folds (41.9s)
full_population_loo length A_tiny_jitter: 240/241 folds (43.6s)
full_population_loo length A_tiny_jitter: 241/241 folds (43.7s)
full_population_loo length B_learned_nugget: 10/241 folds (2.4s)
full_population_loo length B_learned_nugget: 20/241 folds (4.8s)
full_population_loo length B_learned_nugget: 30/241 folds (6.8s)
full_population_loo length B_learned_nugget: 40/241 folds (8.5s)
full_population_loo length B_learned_nugget: 50/241 folds (10.9s)
full_population_loo length B_learned_nugget: 60/241 folds (12.4s)
full_population_loo length B_learned_nugget: 70/241 folds (14.4s)
full_population_loo length B_learned_nugget: 80/241 folds (16.8s)
full_population_loo length B_learned_nugget: 90/241 folds (19.0s)
full_population_loo length B_learned_nugget: 100/241 folds (21.0s)
full_population_loo length B_learned_nugget: 110/241 folds (22.9s)
full_population_loo length B_learned_nugget: 120/241 folds (25.5s)
full_population_loo length B_learned_nugget: 130/241 folds (27.2s)
full_population_loo length B_learned_nugget: 140/241 folds (29.4s)
full_population_loo length B_learned_nugget: 150/241 folds (31.6s)
full_population_loo length B_learned_nugget: 160/241 folds (34.6s)
full_population_loo length B_learned_nugget: 170/241 folds (36.6s)
full_population_loo length B_learned_nugget: 180/241 folds (38.8s)
full_population_loo length B_learned_nugget: 190/241 folds (41.7s)
full_population_loo length B_learned_nugget: 200/241 folds (43.7s)
full_population_loo length B_learned_nugget: 210/241 folds (46.1s)
full_population_loo length B_learned_nugget: 220/241 folds (48.3s)
full_population_loo length B_learned_nugget: 230/241 folds (50.5s)
full_population_loo length B_learned_nugget: 240/241 folds (52.9s)
full_population_loo length B_learned_nugget: 241/241 folds (52.9s)
full_population_loo length C_heteroskedastic: 10/241 folds (1.6s)
full_population_loo length C_heteroskedastic: 20/241 folds (3.6s)
full_population_loo length C_heteroskedastic: 30/241 folds (5.4s)
full_population_loo length C_heteroskedastic: 40/241 folds (7.1s)
full_population_loo length C_heteroskedastic: 50/241 folds (9.0s)
full_population_loo length C_heteroskedastic: 60/241 folds (11.3s)
full_population_loo length C_heteroskedastic: 70/241 folds (13.2s)
full_population_loo length C_heteroskedastic: 80/241 folds (15.3s)
full_population_loo length C_heteroskedastic: 90/241 folds (17.3s)
full_population_loo length C_heteroskedastic: 100/241 folds (18.6s)
full_population_loo length C_heteroskedastic: 110/241 folds (20.3s)
full_population_loo length C_heteroskedastic: 120/241 folds (21.7s)
full_population_loo length C_heteroskedastic: 130/241 folds (23.3s)
full_population_loo length C_heteroskedastic: 140/241 folds (24.8s)
full_population_loo length C_heteroskedastic: 150/241 folds (26.0s)
full_population_loo length C_heteroskedastic: 160/241 folds (28.1s)
full_population_loo length C_heteroskedastic: 170/241 folds (30.4s)
full_population_loo length C_heteroskedastic: 180/241 folds (32.2s)
full_population_loo length C_heteroskedastic: 190/241 folds (34.5s)
full_population_loo length C_heteroskedastic: 200/241 folds (35.9s)
full_population_loo length C_heteroskedastic: 210/241 folds (37.5s)
full_population_loo length C_heteroskedastic: 220/241 folds (38.8s)
full_population_loo length C_heteroskedastic: 230/241 folds (40.5s)
full_population_loo length C_heteroskedastic: 240/241 folds (42.1s)
full_population_loo length C_heteroskedastic: 241/241 folds (42.2s)
full_population_loo depth A_tiny_jitter: 10/241 folds (2.5s)
full_population_loo depth A_tiny_jitter: 20/241 folds (4.7s)
full_population_loo depth A_tiny_jitter: 30/241 folds (6.5s)
full_population_loo depth A_tiny_jitter: 40/241 folds (9.0s)
full_population_loo depth A_tiny_jitter: 50/241 folds (11.6s)
full_population_loo depth A_tiny_jitter: 60/241 folds (13.8s)
full_population_loo depth A_tiny_jitter: 70/241 folds (15.9s)
full_population_loo depth A_tiny_jitter: 80/241 folds (17.7s)
full_population_loo depth A_tiny_jitter: 90/241 folds (20.0s)
full_population_loo depth A_tiny_jitter: 100/241 folds (22.1s)
full_population_loo depth A_tiny_jitter: 110/241 folds (24.2s)
full_population_loo depth A_tiny_jitter: 120/241 folds (25.6s)
full_population_loo depth A_tiny_jitter: 130/241 folds (27.5s)
full_population_loo depth A_tiny_jitter: 140/241 folds (29.2s)
full_population_loo depth A_tiny_jitter: 150/241 folds (32.1s)
full_population_loo depth A_tiny_jitter: 160/241 folds (34.2s)
full_population_loo depth A_tiny_jitter: 170/241 folds (36.4s)
full_population_loo depth A_tiny_jitter: 180/241 folds (38.6s)
full_population_loo depth A_tiny_jitter: 190/241 folds (41.1s)
full_population_loo depth A_tiny_jitter: 200/241 folds (43.4s)
full_population_loo depth A_tiny_jitter: 210/241 folds (45.3s)
full_population_loo depth A_tiny_jitter: 220/241 folds (47.3s)
full_population_loo depth A_tiny_jitter: 230/241 folds (50.2s)
full_population_loo depth A_tiny_jitter: 240/241 folds (52.7s)
full_population_loo depth A_tiny_jitter: 241/241 folds (52.7s)
full_population_loo depth B_learned_nugget: 10/241 folds (3.7s)
full_population_loo depth B_learned_nugget: 20/241 folds (6.4s)
full_population_loo depth B_learned_nugget: 30/241 folds (8.3s)
full_population_loo depth B_learned_nugget: 40/241 folds (12.0s)
full_population_loo depth B_learned_nugget: 50/241 folds (15.4s)
full_population_loo depth B_learned_nugget: 60/241 folds (18.4s)
full_population_loo depth B_learned_nugget: 70/241 folds (21.0s)
full_population_loo depth B_learned_nugget: 80/241 folds (23.4s)
full_population_loo depth B_learned_nugget: 90/241 folds (26.4s)
full_population_loo depth B_learned_nugget: 100/241 folds (29.1s)
full_population_loo depth B_learned_nugget: 110/241 folds (31.4s)
full_population_loo depth B_learned_nugget: 120/241 folds (33.3s)
full_population_loo depth B_learned_nugget: 130/241 folds (36.2s)
full_population_loo depth B_learned_nugget: 140/241 folds (38.9s)
full_population_loo depth B_learned_nugget: 150/241 folds (41.9s)
full_population_loo depth B_learned_nugget: 160/241 folds (43.8s)
full_population_loo depth B_learned_nugget: 170/241 folds (45.9s)
full_population_loo depth B_learned_nugget: 180/241 folds (49.0s)
full_population_loo depth B_learned_nugget: 190/241 folds (51.5s)
full_population_loo depth B_learned_nugget: 200/241 folds (53.7s)
full_population_loo depth B_learned_nugget: 210/241 folds (56.5s)
full_population_loo depth B_learned_nugget: 220/241 folds (58.7s)
full_population_loo depth B_learned_nugget: 230/241 folds (61.9s)
full_population_loo depth B_learned_nugget: 240/241 folds (65.3s)
full_population_loo depth B_learned_nugget: 241/241 folds (65.5s)
full_population_loo depth C_heteroskedastic: 10/241 folds (2.7s)
full_population_loo depth C_heteroskedastic: 20/241 folds (5.2s)
full_population_loo depth C_heteroskedastic: 30/241 folds (6.6s)
full_population_loo depth C_heteroskedastic: 40/241 folds (9.1s)
full_population_loo depth C_heteroskedastic: 50/241 folds (11.0s)
full_population_loo depth C_heteroskedastic: 60/241 folds (12.6s)
full_population_loo depth C_heteroskedastic: 70/241 folds (14.4s)
full_population_loo depth C_heteroskedastic: 80/241 folds (16.3s)
full_population_loo depth C_heteroskedastic: 90/241 folds (18.1s)
full_population_loo depth C_heteroskedastic: 100/241 folds (19.8s)
full_population_loo depth C_heteroskedastic: 110/241 folds (21.6s)
full_population_loo depth C_heteroskedastic: 120/241 folds (22.5s)
full_population_loo depth C_heteroskedastic: 130/241 folds (23.9s)
full_population_loo depth C_heteroskedastic: 140/241 folds (25.5s)
full_population_loo depth C_heteroskedastic: 150/241 folds (28.1s)
full_population_loo depth C_heteroskedastic: 160/241 folds (29.6s)
full_population_loo depth C_heteroskedastic: 170/241 folds (31.6s)
full_population_loo depth C_heteroskedastic: 180/241 folds (33.1s)
full_population_loo depth C_heteroskedastic: 190/241 folds (35.0s)
full_population_loo depth C_heteroskedastic: 200/241 folds (37.3s)
full_population_loo depth C_heteroskedastic: 210/241 folds (38.8s)
full_population_loo depth C_heteroskedastic: 220/241 folds (40.6s)
full_population_loo depth C_heteroskedastic: 230/241 folds (42.4s)
full_population_loo depth C_heteroskedastic: 240/241 folds (44.5s)
full_population_loo depth C_heteroskedastic: 241/241 folds (44.5s)
stable_only_refit_loo width B_learned_nugget: 10/230 folds (2.8s)
stable_only_refit_loo width B_learned_nugget: 20/230 folds (4.8s)
stable_only_refit_loo width B_learned_nugget: 30/230 folds (7.3s)
stable_only_refit_loo width B_learned_nugget: 40/230 folds (10.2s)
stable_only_refit_loo width B_learned_nugget: 50/230 folds (12.6s)
stable_only_refit_loo width B_learned_nugget: 60/230 folds (15.4s)
stable_only_refit_loo width B_learned_nugget: 70/230 folds (17.3s)
stable_only_refit_loo width B_learned_nugget: 80/230 folds (19.6s)
stable_only_refit_loo width B_learned_nugget: 90/230 folds (22.2s)
stable_only_refit_loo width B_learned_nugget: 100/230 folds (24.2s)
stable_only_refit_loo width B_learned_nugget: 110/230 folds (27.2s)
stable_only_refit_loo width B_learned_nugget: 120/230 folds (29.6s)
stable_only_refit_loo width B_learned_nugget: 130/230 folds (32.1s)
stable_only_refit_loo width B_learned_nugget: 140/230 folds (34.7s)
stable_only_refit_loo width B_learned_nugget: 150/230 folds (37.0s)
stable_only_refit_loo width B_learned_nugget: 160/230 folds (39.8s)
stable_only_refit_loo width B_learned_nugget: 170/230 folds (42.0s)
stable_only_refit_loo width B_learned_nugget: 180/230 folds (44.4s)
stable_only_refit_loo width B_learned_nugget: 190/230 folds (47.2s)
stable_only_refit_loo width B_learned_nugget: 200/230 folds (49.5s)
stable_only_refit_loo width B_learned_nugget: 210/230 folds (51.7s)
stable_only_refit_loo width B_learned_nugget: 220/230 folds (53.7s)
stable_only_refit_loo width B_learned_nugget: 230/230 folds (55.6s)
stable_only_refit_loo length B_learned_nugget: 10/230 folds (2.4s)
stable_only_refit_loo length B_learned_nugget: 20/230 folds (4.9s)
stable_only_refit_loo length B_learned_nugget: 30/230 folds (6.6s)
stable_only_refit_loo length B_learned_nugget: 40/230 folds (8.0s)
stable_only_refit_loo length B_learned_nugget: 50/230 folds (9.8s)
stable_only_refit_loo length B_learned_nugget: 60/230 folds (11.8s)
stable_only_refit_loo length B_learned_nugget: 70/230 folds (13.9s)
stable_only_refit_loo length B_learned_nugget: 80/230 folds (16.0s)
stable_only_refit_loo length B_learned_nugget: 90/230 folds (18.8s)
stable_only_refit_loo length B_learned_nugget: 100/230 folds (21.7s)
stable_only_refit_loo length B_learned_nugget: 110/230 folds (23.7s)
stable_only_refit_loo length B_learned_nugget: 120/230 folds (25.7s)
stable_only_refit_loo length B_learned_nugget: 130/230 folds (27.7s)
stable_only_refit_loo length B_learned_nugget: 140/230 folds (29.7s)
stable_only_refit_loo length B_learned_nugget: 150/230 folds (31.3s)
stable_only_refit_loo length B_learned_nugget: 160/230 folds (33.1s)
stable_only_refit_loo length B_learned_nugget: 170/230 folds (35.3s)
stable_only_refit_loo length B_learned_nugget: 180/230 folds (37.3s)
stable_only_refit_loo length B_learned_nugget: 190/230 folds (39.1s)
stable_only_refit_loo length B_learned_nugget: 200/230 folds (41.0s)
stable_only_refit_loo length B_learned_nugget: 210/230 folds (43.2s)
stable_only_refit_loo length B_learned_nugget: 220/230 folds (45.4s)
stable_only_refit_loo length B_learned_nugget: 230/230 folds (47.5s)
stable_only_refit_loo depth C_heteroskedastic: 10/230 folds (2.1s)
stable_only_refit_loo depth C_heteroskedastic: 20/230 folds (3.5s)
stable_only_refit_loo depth C_heteroskedastic: 30/230 folds (5.2s)
stable_only_refit_loo depth C_heteroskedastic: 40/230 folds (6.6s)
stable_only_refit_loo depth C_heteroskedastic: 50/230 folds (8.6s)
stable_only_refit_loo depth C_heteroskedastic: 60/230 folds (9.9s)
stable_only_refit_loo depth C_heteroskedastic: 70/230 folds (11.5s)
stable_only_refit_loo depth C_heteroskedastic: 80/230 folds (13.1s)
stable_only_refit_loo depth C_heteroskedastic: 90/230 folds (14.6s)
stable_only_refit_loo depth C_heteroskedastic: 100/230 folds (16.3s)
stable_only_refit_loo depth C_heteroskedastic: 110/230 folds (18.0s)
stable_only_refit_loo depth C_heteroskedastic: 120/230 folds (19.5s)
stable_only_refit_loo depth C_heteroskedastic: 130/230 folds (21.0s)
stable_only_refit_loo depth C_heteroskedastic: 140/230 folds (23.2s)
stable_only_refit_loo depth C_heteroskedastic: 150/230 folds (24.6s)
stable_only_refit_loo depth C_heteroskedastic: 160/230 folds (26.1s)
stable_only_refit_loo depth C_heteroskedastic: 170/230 folds (27.9s)
stable_only_refit_loo depth C_heteroskedastic: 180/230 folds (29.7s)
stable_only_refit_loo depth C_heteroskedastic: 190/230 folds (31.3s)
stable_only_refit_loo depth C_heteroskedastic: 200/230 folds (32.7s)
stable_only_refit_loo depth C_heteroskedastic: 210/230 folds (34.4s)
stable_only_refit_loo depth C_heteroskedastic: 220/230 folds (35.4s)
stable_only_refit_loo depth C_heteroskedastic: 230/230 folds (37.1s)
figures generated: 19
