2026-08-11T20:00:24+00:00 START methods=max_depth_random,max_depth_boundary_proximity,max_depth_straddle,max_depth_randomized_straddle,max_depth_expected_feasibility,binary_random,binary_margin,binary_uncertainty_repulsion final_budget=80
2026-08-11T20:00:24+00:00 METHOD_START max_depth_random
2026-08-11T20:00:43+00:00 METHOD_DONE max_depth_random runtime_seconds=19.071
2026-08-11T20:00:43+00:00 METHOD_START max_depth_boundary_proximity
2026-08-11T20:01:11+00:00 METHOD_DONE max_depth_boundary_proximity runtime_seconds=27.678
2026-08-11T20:01:11+00:00 METHOD_START max_depth_straddle
2026-08-11T20:01:34+00:00 METHOD_DONE max_depth_straddle runtime_seconds=23.305
2026-08-11T20:01:34+00:00 METHOD_START max_depth_randomized_straddle
2026-08-11T20:01:37+00:00 START methods=max_depth_random,max_depth_boundary_proximity,max_depth_straddle,max_depth_randomized_straddle,max_depth_expected_feasibility,binary_random,binary_margin,binary_uncertainty_repulsion final_budget=80
2026-08-11T20:01:37+00:00 METHOD_START max_depth_random
2026-08-11T20:01:37+00:00 METHOD_DONE max_depth_random runtime_seconds=19.071
2026-08-11T20:01:37+00:00 METHOD_START max_depth_boundary_proximity
2026-08-11T20:01:38+00:00 METHOD_DONE max_depth_boundary_proximity runtime_seconds=27.678
2026-08-11T20:01:38+00:00 METHOD_START max_depth_straddle
2026-08-11T20:01:38+00:00 METHOD_DONE max_depth_straddle runtime_seconds=23.305
2026-08-11T20:01:38+00:00 METHOD_START max_depth_randomized_straddle
2026-08-11T20:01:53+00:00 METHOD_DONE max_depth_randomized_straddle runtime_seconds=19.106
2026-08-11T20:01:53+00:00 METHOD_START max_depth_expected_feasibility
2026-08-11T20:02:00+00:00 METHOD_DONE max_depth_randomized_straddle runtime_seconds=22.011
2026-08-11T20:02:00+00:00 METHOD_START max_depth_expected_feasibility
2026-08-11T20:02:15+00:00 METHOD_DONE max_depth_expected_feasibility runtime_seconds=21.375
2026-08-11T20:02:15+00:00 METHOD_START binary_random
2026-08-11T20:02:21+00:00 METHOD_DONE max_depth_expected_feasibility runtime_seconds=21.631
2026-08-11T20:02:21+00:00 METHOD_START binary_random
2026-08-11T20:02:23+00:00 METHOD_DONE binary_random runtime_seconds=8.558
2026-08-11T20:02:23+00:00 METHOD_START binary_margin
2026-08-11T20:02:29+00:00 METHOD_DONE binary_random runtime_seconds=7.849
2026-08-11T20:02:29+00:00 METHOD_START binary_margin
2026-08-11T20:02:30+00:00 METHOD_DONE binary_margin runtime_seconds=6.386
2026-08-11T20:02:30+00:00 METHOD_START binary_uncertainty_repulsion
2026-08-11T20:02:35+00:00 METHOD_DONE binary_margin runtime_seconds=6.187
2026-08-11T20:02:35+00:00 METHOD_START binary_uncertainty_repulsion
2026-08-11T20:02:36+00:00 METHOD_DONE binary_uncertainty_repulsion runtime_seconds=6.106
2026-08-11T20:02:36+00:00 DONE
2026-08-11T20:02:42+00:00 METHOD_DONE binary_uncertainty_repulsion runtime_seconds=6.954
2026-08-11T20:02:42+00:00 DONE
