2026-08-11T20:00:24+00:00 START methods=max_depth_random,max_depth_boundary_proximity,max_depth_straddle,max_depth_randomized_straddle,max_depth_expected_feasibility,binary_random,binary_margin,binary_uncertainty_repulsion final_budget=80
2026-08-11T20:00:24+00:00 METHOD_START max_depth_random
2026-08-11T20:00:49+00:00 METHOD_DONE max_depth_random runtime_seconds=25.309
2026-08-11T20:00:49+00:00 METHOD_START max_depth_boundary_proximity
2026-08-11T20:01:21+00:00 METHOD_DONE max_depth_boundary_proximity runtime_seconds=31.920
2026-08-11T20:01:21+00:00 METHOD_START max_depth_straddle
2026-08-11T20:01:37+00:00 START methods=max_depth_random,max_depth_boundary_proximity,max_depth_straddle,max_depth_randomized_straddle,max_depth_expected_feasibility,binary_random,binary_margin,binary_uncertainty_repulsion final_budget=80
2026-08-11T20:01:37+00:00 METHOD_START max_depth_random
2026-08-11T20:01:37+00:00 METHOD_DONE max_depth_random runtime_seconds=25.309
2026-08-11T20:01:37+00:00 METHOD_START max_depth_boundary_proximity
2026-08-11T20:01:37+00:00 METHOD_DONE max_depth_boundary_proximity runtime_seconds=31.920
2026-08-11T20:01:37+00:00 METHOD_START max_depth_straddle
2026-08-11T20:01:47+00:00 METHOD_DONE max_depth_straddle runtime_seconds=25.500
2026-08-11T20:01:47+00:00 METHOD_START max_depth_randomized_straddle
2026-08-11T20:02:03+00:00 METHOD_DONE max_depth_straddle runtime_seconds=25.314
2026-08-11T20:02:03+00:00 METHOD_START max_depth_randomized_straddle
2026-08-11T20:02:14+00:00 METHOD_DONE max_depth_randomized_straddle runtime_seconds=26.802
2026-08-11T20:02:14+00:00 METHOD_START max_depth_expected_feasibility
2026-08-11T20:02:31+00:00 METHOD_DONE max_depth_randomized_straddle runtime_seconds=27.651
2026-08-11T20:02:31+00:00 METHOD_START max_depth_expected_feasibility
2026-08-11T20:02:41+00:00 METHOD_DONE max_depth_expected_feasibility runtime_seconds=26.745
2026-08-11T20:02:41+00:00 METHOD_START binary_random
2026-08-11T20:02:49+00:00 METHOD_DONE binary_random runtime_seconds=8.201
2026-08-11T20:02:49+00:00 METHOD_START binary_margin
2026-08-11T20:02:56+00:00 METHOD_DONE binary_margin runtime_seconds=7.337
2026-08-11T20:02:56+00:00 METHOD_START binary_uncertainty_repulsion
2026-08-11T20:02:57+00:00 METHOD_DONE max_depth_expected_feasibility runtime_seconds=26.289
2026-08-11T20:02:57+00:00 METHOD_START binary_random
2026-08-11T20:02:57+00:00 METHOD_DONE binary_random runtime_seconds=8.201
2026-08-11T20:02:57+00:00 METHOD_START binary_margin
2026-08-11T20:02:57+00:00 METHOD_DONE binary_margin runtime_seconds=7.337
2026-08-11T20:02:57+00:00 METHOD_START binary_uncertainty_repulsion
2026-08-11T20:03:03+00:00 METHOD_DONE binary_uncertainty_repulsion runtime_seconds=6.274
2026-08-11T20:03:03+00:00 DONE
2026-08-11T20:03:04+00:00 METHOD_DONE binary_uncertainty_repulsion runtime_seconds=7.684
2026-08-11T20:03:04+00:00 DONE
