2026-08-11T20:02:36+00:00 START methods=max_depth_random,max_depth_boundary_proximity,max_depth_straddle,max_depth_randomized_straddle,max_depth_expected_feasibility,binary_random,binary_margin,binary_uncertainty_repulsion final_budget=80
2026-08-11T20:02:36+00:00 METHOD_START max_depth_random
2026-08-11T20:02:42+00:00 START methods=max_depth_random,max_depth_boundary_proximity,max_depth_straddle,max_depth_randomized_straddle,max_depth_expected_feasibility,binary_random,binary_margin,binary_uncertainty_repulsion final_budget=80
2026-08-11T20:02:42+00:00 METHOD_START max_depth_random
2026-08-11T20:03:04+00:00 METHOD_DONE max_depth_random runtime_seconds=28.197
2026-08-11T20:03:04+00:00 METHOD_START max_depth_boundary_proximity
2026-08-11T20:03:11+00:00 METHOD_DONE max_depth_random runtime_seconds=28.474
2026-08-11T20:03:11+00:00 METHOD_START max_depth_boundary_proximity
2026-08-11T20:03:30+00:00 METHOD_DONE max_depth_boundary_proximity runtime_seconds=19.079
2026-08-11T20:03:30+00:00 METHOD_START max_depth_straddle
2026-08-11T20:03:46+00:00 METHOD_DONE max_depth_straddle runtime_seconds=15.791
2026-08-11T20:03:46+00:00 METHOD_START max_depth_randomized_straddle
2026-08-11T20:04:01+00:00 METHOD_DONE max_depth_randomized_straddle runtime_seconds=15.130
2026-08-11T20:04:01+00:00 METHOD_START max_depth_expected_feasibility
2026-08-11T20:04:18+00:00 METHOD_DONE max_depth_expected_feasibility runtime_seconds=16.465
2026-08-11T20:04:18+00:00 METHOD_START binary_random
2026-08-11T20:04:23+00:00 METHOD_DONE binary_random runtime_seconds=5.071
2026-08-11T20:04:23+00:00 METHOD_START binary_margin
2026-08-11T20:04:27+00:00 METHOD_DONE binary_margin runtime_seconds=4.165
2026-08-11T20:04:27+00:00 METHOD_START binary_uncertainty_repulsion
2026-08-11T20:04:31+00:00 METHOD_DONE binary_uncertainty_repulsion runtime_seconds=4.190
2026-08-11T20:04:31+00:00 DONE
